[jasoseol.com/index.html]
[backblue.gif]
[fade.gif]
[index.html]
[jasoseol.com/assets/application_web_index-b06f2a93032de603380f1ce3fb9fe65728eed281b2ccfab6d4ad1b72b1081a18.css]
[jasoseol.com/apple-icon/touch-icon-iphone.png]
[jasoseol.com/apple-icon/touch-icon-ipad.png]
[www.google-analytics.com/analytics.js]
[jasoseol.com/apple-icon/touch-icon-iphone-retina.png]
[connect.facebook.net/en_US/fbevents.js]
[jasoseol.com/apple-icon/touch-icon-ipad-retina.png]
[jasoseol.com/recruit.html]
[jasoseol.com/resume_list.html]
[jasoseol.com/assets/main/logo-09e69cf256e09481f42047f3f655395c3cfb1669f81be7172f104e86e7b49a7c.png]
[jasoseol.com/spec.html]
[jasoseol.com/example.html]
[jasoseol.com/assets/index/icon-naver-66dfe17006198397f124d459c13c71dcfd559fc996537875fe40c61af124774a.png]
[jasoseol.com/info.html]
[jasoseol.com/blog.html]
[jasoseol.com/assets/index/icon-facebook-af12cbb0400bc3af9442327fc336f5773948cc5dfa58dae29609bf314bf68788.png]
[jasoseol.com/assets/index/mail_icon@2x-b9ad3010f6c25fcc0af0729e002024937a5c1f9d3f02d911ad8d648839de5384.png]
[jasoseol.com/terms.html]
[jasoseol.com/users/password/new.html]
[jasoseol.com/assets/tutorial/modal_community-0d2fa3b37bdbd79798f48e79c8c26390f56a5b36c984f868a20617ce18500a46.png]
[jasoseol.com/assets/tutorial/modal_calendar-c1044ba514bc5219ccdac70e268b7eeabe4afcd015e47cf8868f4621a1b01328.png]
[jasoseol.com/business.html]
[jasoseol.com/assets/index/business-user-title-3d92de71af714e780264eb50510138d7b18c19716ee994810f948d5a130585b0.png]
[jasoseol.com/assets/index/view-more-recruits-c4a7a9645cd2b88fce8628132c3078020e3b7f6e5fc042b8cbcd60ca3a72442c.png]
[jasoseol.com/assets/index/footer-facebook-icon-f2c8575d54456f8dd70b33808bc67f4bdfaac09e35cf852fcbed6ae8fa390409.png]
[jasoseol.com/assets/index/footer-blog-icon-164b28aec7756fb4ec122127ce816b35d91b8669aeaf09026f1f9211da368dfc.png]
[jasoseol.com/assets/example/img0-7b0aecb328f9b01d40363f600eb101c328aff0eb8e14c5e871ac2530e9c86008.png]
[jasoseol.com/assets/main/resume/list_file-80029b922457c022b0a81f38f4c3c9d5a31b0706c11d2bd863b0e9fa9beae252.png]
[jasoseol.com/assets/main/resume/list_folder-89da7caba8318025676b47514144678b4dd9e857f87f4e552ad408834f8fc375.png]
[jasoseol.com/privacy.html]
[jasoseol.com/assets/main/resume/folder-3abacd9f8093e747cecd1f50fbd0c4ed1992290ef1c99b1e224ba6158fdf1852.png]
[jasoseol.com/assets/main/resume/resume_options-40797b0ebd27c345fbde065f5f47f67dafab80075366b0c5732c781c558af4b7.png]
[jasoseol.com/assets/main/calendar/star_select-c30fc8f4e82378168df71dcc2dc8cba105a91597fa5c771b1600636f3544d976.png]
[jasoseol.com/assets/main/calendar/star_unselect-0487753c5d876594f017088ec977a7f006c768bfcc975c19c4d9ebe00e322bb1.png]
[jasoseol.com/index.html]
[wcs.naver.net/wcslog.js]
[jasoseol.com/assets/fontawesome-webfont-9f8288933d2c87ab3cdbdbda5c9fa1e1e139b01c7c1d1983f91a13be85173975.eot]
[jasoseol.com/assets/fontawesome-webfont-4f1f9ffe01469bbd03b254ec563c304dd92276514110364148cb7ffdd75d3297.svg]
[jasoseol.com/assets/fontawesome-webfont-66db52b456efe7e29cec11fa09421d03cb09e37ed1b567307ec0444fd605ce31.woff]
[jasoseol.com/assets/jquery-ui/ui-bg_flat_75_ffffff_40x100-39ab7ccd9f4e82579da78a9241265df288d8eb65dbbd7cf48aed2d0129887df5.png]
[jasoseol.com/assets/jquery-ui/ui-bg_highlight-soft_75_cccccc_1x100-54270656df079c4da5182629a080fc633b6f84b87985eb016d25a560e2c38d4a.png]
[jasoseol.com/assets/jquery-ui/ui-bg_glass_75_e6e6e6_1x400-ddf5dd4e0ef2b185e8bb0af7b6e90ebe74a84384cb4700658e76e754c8bfe550.png]
[jasoseol.com/assets/fontawesome-webfont-c2a9333b008247abd42354df966498b4c2f1aa51a10b7e178a4f5df2edea4ce1.ttf]
[jasoseol.com/assets/jquery-ui/ui-bg_glass_75_dadada_1x400-c108f5cbf2dd9ec07a26530695ddd95e1664597ce6c056ae44c162cc2e28cec4.png]
[jasoseol.com/assets/jquery-ui/ui-bg_glass_65_ffffff_1x400-f0e6cd91b837d5c5644d026e5ffeccd907953317cd5c0f689901733afda260b2.png]
[jasoseol.com/assets/jquery-ui/ui-bg_glass_55_fbf9ee_1x400-691597e8a40a891ea94d3589976ecfc33e6145c49422443b00ac2b5a0022964c.png]
[jasoseol.com/assets/jquery-ui/ui-bg_glass_95_fef1ec_1x400-f6f1c1bedf1a0f37cfef81d12f5f012869d1ee7c984775a569827a1784d34f5c.png]
[jasoseol.com/assets/jquery-ui/ui-icons_222222_256x240-57adb0d65f4e91dacfee975d9574422bee7486c8a182d60133728c672f2cdbbc.png]
[jasoseol.com/assets/jquery-ui/ui-icons_888888_256x240-ea2e29625de3463465e93b002b065f5833e05b97f7a052b1c141e754d62e1a8b.png]
[jasoseol.com/assets/jquery-ui/ui-icons_454545_256x240-07460e843c3e59aaadbb34231e699e856a2980753c7a47b66447da5d9f93fb7f.png]
[jasoseol.com/assets/jquery-ui/ui-icons_2e83ff_256x240-20f8c6667afc48aa433ee9eb6d8a0584bdbd6b4a4a9091ff1e6b3adb31e63bd9.png]
[jasoseol.com/assets/jquery-ui/ui-bg_flat_0_aaaaaa_40x100-9a8492a580bf85d3e98ae8861fbd45567e5a1f83eeafcf9574da0399d5f602ab.png]
[jasoseol.com/assets/jquery-ui/ui-icons_cd0a0a_256x240-1e32c6dbf5d3fd342f27a78aa881550d6412aa207f48468724a6a15402b6041b.png]
[jasoseol.com/assets/fontawesome-webfont-9f8288933d2c87ab3cdbdbda5c9fa1e1e139b01c7c1d1983f91a13be85173975d41d.eot]
[jasoseol.com/assets/application_web_index-fe4ce0697693323e83f28ffc19445987c3b1710583dfdf3901950ec503bc470e.js]
[jasoseol.com/assets/NanumGothic-Regular-6e3f425cbd28ffc03a2d3c78bc840ec24787baec40e30fa523ec9cf62bde895d.woff2]
[jasoseol.com/assets/NanumGothic-Regular-a5d4c373eb0df66acbea6b4a399eb6210080877a9b8fdcb5922fa1ff41f36b79.eot]
[jasoseol.com/assets/NanumGothic-Regular-3935b5294a27a74c6a0daf8c66c0690a49482d1f1bd0e14d56bed1cd428375d5.woff]
[jasoseol.com/assets/NanumGothic-Regular-7bda2b5ebf2519b484cca40ec5df786e6929499ac8ed7ff2a1431884e852e383.ttf]
[jasoseol.com/assets/NanumGothic-Bold-951c043d6c4a4c70332c801a7267a9ca4c186ba9efd3cb35d6a7da35cfd910de.woff2]
[jasoseol.com/assets/NanumGothic-Bold-d24b1651ed7e0c9c45e900af4441865446e0cace11bee4b40986e47319f94c10.eot]
[jasoseol.com/assets/NanumGothic-Bold-e55d002526eae3c42aeb02583f75417b762dd043cd6be0717a9507e7f1890321.woff]
[jasoseol.com/assets/NanumGothic-ExtraBold-7a2487e70aa477e7bcb5731b20d3c117007ca4151c943f041e6ded466dd30bb2.woff2]
[jasoseol.com/assets/NanumGothic-ExtraBold-43aec24d8b0c628237ddadb6b334219559a4e32967215bce00c7cdbd2aa83134.eot]
[jasoseol.com/assets/NanumGothic-Bold-5fba18f3c54d3782c961f7238a6b290630a26f64ea2424bfd55e79f604ffa913.ttf]
[jasoseol.com/assets/Spoqa-Han-Sans-Regular-745d16ab5a42c81cfd456d11cd5c0acf29628691803944ba54ace13a0d93c886.woff2]
[jasoseol.com/assets/Spoqa-Han-Sans-Regular-d9b038bbb65ca9ede55275249ffd0805a63ac502519a4402b28edefeda95e2cf.eot]
[jasoseol.com/assets/NanumGothic-ExtraBold-82c4ade773df5d4bfe68a3a53a1f5e8aa7dbb48cc46f6be617b5596cc5dc30e5.woff]
[jasoseol.com/assets/Spoqa-Han-Sans-Regular-c3c350283487d172f9f31a6c212f8905fe960159d295ff5bf7c71ec2055d8bea.woff]
[jasoseol.com/assets/Spoqa-Han-Sans-Regular-811804cc0ce832deca80edd7da35bed7c695749a4851eef5554ff136368fc570.ttf]
[jasoseol.com/assets/NanumGothic-ExtraBold-ffdf70252cc8e0439b81e91fc951743e3939dbf1baed1ce476626fc6617619fe.ttf]
[jasoseol.com/assets/Spoqa-Han-Sans-Bold-1f307071646b069c7d34d5d617c942eae498b18281f37630c5c350d3f2ff22b6.woff2]
[jasoseol.com/assets/Spoqa-Han-Sans-Bold-7c600c29b9cd998b3cf4093af808c64ed7d1d598da5cb2131ad4b431fbc05c30.eot]
[jasoseol.com/images/index/slide1.4a.delayed]
[jasoseol.com/images/index/slide2.png]
[jasoseol.com/images/index/slide3.png]
[jasoseol.com/images/index/slide4.png]
[jasoseol.com/images/index/slide5.png]
[jasoseol.com/assets/index/background-198d44db1cbd6a63eb169f23debad8ced3de3c206b1cf4e2e221e12ddc3fb74c.jpg]
[jasoseol.com/assets/ajax-loader.gif]
[jasoseol.com/assets/fonts/slick.eot]
[jasoseol.com/assets/fonts/slickd41d.eot]
[jasoseol.com/assets/fonts/slick.woff]
[jasoseol.com/assets/fonts/slick.ttf]
[jasoseol.com/assets/fonts/slick.svg]
[jasoseol.com/assets/main/resume/resume_question-03a2df620d37a5e7a68bae6c1d760233095f0a8c0f469daaf73530cee1db5610.png]
[jasoseol.com/assets/main/resume/resume_question_hover-6d7e9b145105de0639a8cb7beed8a172a0bc21197acfedc781195501cf82b30e.png]
[jasoseol.com/assets/main/resume/homepage-5bb6ce4021d0e5449f43159dfd62dfc0aa2fdde40fb2bed8e024fe2699317d3e.png]
[jasoseol.com/assets/main/resume/homepage_active-f33f525a3bb6d1a6251afe22ba65f3c67a44cff08125849740a3488b59098a5c.png]
[jasoseol.com/assets/comento/detail_task-a89b48a907ba51bf7aed01229da3ccb6fa9b86fd925f5d499a3b6ad2ba3d4f37.svg]
[jasoseol.com/assets/comento/detail_rocket-0b07ab2ca610e9ed036f91254b283618062e4fb57b3ce3791d5ecdc236c2b60c.svg]
[jasoseol.com/assets/comento/detail_information-45d2c963303c69b7c64454ef4bb22920efa4f90e7ebeced1b6f75d0852753e23.svg]
[jasoseol.com/assets/comento/detail_culture-d6654e6e553a367217dcca4cf40813fc77904473c84d075ec69f77fe3f27d343.svg]
[jasoseol.com/assets/comento/detail_growth-19bb71f4e9f116a4d085b175ad4a99eee00503c80b3b8da867b807245e62af4f.svg]
[jasoseol.com/assets/application_web_index-b06f2a93032de603380f1ce3fb9fe65728eed281b2ccfab6d4ad1b72b1081a18.css]
[connect.facebook.net/en_US/fbevents.js]
[jasoseol.com/assets/index/75_blue-0bc98bad46bcbe933d9b00cebb69f11ecca9bcfd5a425c7ac43e11cc71c45e88.jpg]
[jasoseol.com/assets/application_web_main-c08f5cbd150ac70f1ce12b384f512d1b446bcd1b5e93e13cd6c478d55af38b85.css]
[jasoseol.com/assets/main/round-notifications-0c657dd66154e9dd366f62733421bf4566b0defdda5caac5717e3d272a6ca8ec.svg]
[jasoseol.com/assets/main/round-close-95fa67b813973e68103d449b1dca23cc4666e642866646696c2f9b3560d20314.svg]
[jasoseol.com/assets/main/resume/remove_white-4e17a73bd84afda7758c796cf88ccafe78152990e38e06d520a334ca90e70de9.png]
[jasoseol.com/assets/main/resume/remove_gray-e919d935902211966fe5778d0bb9c66c10929290a0af52982e0ec8af423586fd.png]
[jasoseol.com/blog/post/46.html]
[jasoseol.com/assets/icon/loading-da938915a6cd0327b3a21a8488c54c975aa77c658751b807d6600b1c9af53cde.gif]
[jasoseol.com/assets/main/resume/correction-view-icon-6afcef79aede06a4b24562e22cd100f162193eb09b866419c36a35ce22d04823.png]
[jasoseol.com/assets/main/cancel-34eb7fd9581b4ba6d18db840b28b0a40766f8976ae81e90c4acc9ff8fe845963.png]
[jasoseol.com/assets/example/menu_bottom_banner-2ff2f23fa09d26ea9dc6296e7e7ba0a600f8eb53696cfb45df4b8bfc16cb3850.jpg]
[jasoseol.com/assets/publishertag-02b550926738ff891b854c5dfb79e3471d4036e8b162672479c08cd269399263.js]
[jasoseol.com/recruit.html]
[jasoseol.com/resume_list.html]
[jasoseol.com/spec.html]
[jasoseol.com/example.html]
[jasoseol.com/info.html]
[jasoseol.com/assets/application-985e623e926d7fe1afa76b3553effd2c9e36677514084de50a63a17683038e96.css]
[jasoseol.com/assets/blog-5272d27efe945d124f2731479e1ebd50850832b85c751f6517b3c50c44c6d6a9.css]
[jasoseol.com/assets/Spoqa-Han-Sans-Bold-9164db1bacfeffb0841aeeb5b57dd14f46b059bb603d2bd1de54b651a7670d16.woff]
[jasoseol.com/blog/category.html]
[jasoseol.com/blog/category/8.html]
[jasoseol.com/blog/category/1.html]
[jasoseol.com/blog/category/2.html]
[jasoseol.com/blog/category/3.html]
[jasoseol.com/blog/category/4.html]
[jasoseol.com/blog/category/7.html]
[jasoseol.com/blog/category/5.html]
[jasoseol.com/blog/post/54.html]
[jasoseol.s3-ap-northeast-2.amazonaws.com/blog_posts/thumbnails/000/000/054/thumb/180611_자소설_1bd60.jpg]
[jasoseol.com/assets/Spoqa-Han-Sans-Bold-d0db86432b9103757de76ac26f87ac132a11b3dd523f5681473549838e530aba.ttf]
[jasoseol.com/blog/post/53.html]
[jasoseol.s3-ap-northeast-2.amazonaws.com/blog_posts/thumbnails/000/000/053/thumb/180608_자소설_187e0.jpg]
[jasoseol.com/blog/post/47.html]
[jasoseol.s3-ap-northeast-2.amazonaws.com/blog_posts/thumbnails/000/000/047/thumb/썸네일a617.png]
[jasoseol.com/blog/post/45.html]
[jasoseol.s3-ap-northeast-2.amazonaws.com/blog_posts/thumbnails/000/000/045/thumb/schdeule1c88.png]
[jasoseol.s3-ap-northeast-2.amazonaws.com/blog_posts/thumbnails/000/000/025/thumb/20170323_자소서연구소_20번째_주제-100573.png]
[jasoseol.com/blog/post/25.html]
[jasoseol.com/blog/post/11.html]
[jasoseol.s3-ap-northeast-2.amazonaws.com/blog_posts/thumbnails/000/000/011/thumb/20170306_블로그_썸네일_작업-17d8d4.png]
[jasoseol.s3-ap-northeast-2.amazonaws.com/blog_posts/thumbnails/000/000/030/thumb/20170411_자소설닷컴_기획직무분석-10b95e.png]
[jasoseol.com/blog/post/30.html]
[jasoseol.com/blog/post/16.html]
[jasoseol.s3-ap-northeast-2.amazonaws.com/blog_posts/thumbnails/000/000/016/thumb/20170308_자소서연구소_13번째_주제-08240c.png]
[jasoseol.s3-ap-northeast-2.amazonaws.com/blog_posts/thumbnails/000/000/021/thumb/대지_1119c2.png]
[jasoseol.com/blog/post/21.html]
[jasoseol.com/blog/post/17.html]
[jasoseol.s3-ap-northeast-2.amazonaws.com/blog_posts/thumbnails/000/000/017/thumb/20170307_자소서연구소_12번째_주제-07fe59.png]
[jasoseol.s3-ap-northeast-2.amazonaws.com/blog_posts/thumbnails/000/000/042/thumb/20171107_자소서연구소_34번째_주제_롯데그룹_자기소개서_문항_분석-140a6e.png]
[jasoseol.com/blog/post/42.html]
[jasoseol.com/blog/post/38.html]
[jasoseol.s3-ap-northeast-2.amazonaws.com/blog_posts/thumbnails/000/000/038/thumb/20170719_자소서연구소_33번째_주제_LG화학_자기소개서_문항_분석-15b464.png]
[jasoseol.s3-ap-northeast-2.amazonaws.com/blog_posts/thumbnails/000/000/046/thumb/14fa9.png]
[jasoseol.com/blog/post/43.html]
[jasoseol.s3-ap-northeast-2.amazonaws.com/blog_posts/thumbnails/000/000/043/thumb/자산_2b1b3.png]
[jasoseol.com/blog.html]
[jasoseol.com/terms.html]
[jasoseol.com/users/password/new.html]
[jasoseol.com/assets/business-c370ec82275efa0bcdf788e8eaf7b1e2d7e9635be5cd2fb80d142d63305fb306.js]
[jasoseol.com/assets/business-5e6ac191dec72ebcd0adaebc1dcf31b08842c7066a5a9dbcce551ce11fbb8234.css]
[jasoseol.com/assets/application-3065a555ec56b1b69567563272f01bd31ddb2853cfcce4776ef6c716e53b64a4.js]
[jasoseol.com/assets/partner_company/BGF리테일-6d63141de54486ac66d5b0a17a1ff46f574b91dd49e83f6c5f343864e41d3f44.png]
[jasoseol.com/assets/partner_company/신한카드-63add4c7b45e2fd4401b9fb2cdb6f7e2f9d32d77f9bcdbf018c379d8d1bce196.png]
[jasoseol.com/assets/partner_company/포스코-e756a50b4dd3e05f5dc1a4acdba22426440ad7e31fc4509e9b34ba18b50bb882.png]
[jasoseol.com/assets/partner_company/NHN엔터테인먼트-31fce5f925ae8ac11c32941dd0396f01b0fd3da6c21381bbe11dbae148a756e9.png]
[jasoseol.com/assets/partner_company/게임빌-674fc4b26c663e3631e7fffd089a04220ba7468a3c3cffcda3391b685cccdd53.png]
[jasoseol.com/assets/partner_company/잡코리아-944ba7459744d3b7501e024e4512d16b6d8d396e5a3e85c835dd47e2a417d263.png]
[jasoseol.com/business.html]
[jasoseol.com/privacy.html]
[jasoseol.com/assets/fontawesome-webfont-4f1f9ffe01469bbd03b254ec563c304dd92276514110364148cb7ffdd75d3297.svg]
[jasoseol.com/images/index/slide1.html]
[jasoseol.com/images/index/slide2.html]
[jasoseol.com/images/index/slide3.html]
[jasoseol.com/images/index/slide4.html]
[jasoseol.com/images/index/slide5.html]
[jasoseol.com/assets/fonts/slick.svg]
[jasoseol.com/assets/comento/detail_task-a89b48a907ba51bf7aed01229da3ccb6fa9b86fd925f5d499a3b6ad2ba3d4f37.svg]
[jasoseol.com/assets/comento/detail_rocket-0b07ab2ca610e9ed036f91254b283618062e4fb57b3ce3791d5ecdc236c2b60c.svg]
[jasoseol.com/assets/comento/detail_information-45d2c963303c69b7c64454ef4bb22920efa4f90e7ebeced1b6f75d0852753e23.svg]
[jasoseol.com/assets/comento/detail_culture-d6654e6e553a367217dcca4cf40813fc77904473c84d075ec69f77fe3f27d343.svg]
[jasoseol.com/assets/comento/detail_growth-19bb71f4e9f116a4d085b175ad4a99eee00503c80b3b8da867b807245e62af4f.svg]
[jasoseol.com/assets/main_img-2146dd556cd6c8e0d01df42f76c1ed8177cfba593037d30418b3d99e81e9d73b.png]
[jasoseol.com/assets/fontawesome-webfont-9f8288933d2c87ab3cdbdbda5c9fa1e1e139b01c7c1d1983f91a13be8517397593e3.eot]
[jasoseol.com/assets/fontawesome-webfont-3c4a1bb7ce3234407184f0d80cc4dec075e4ad616b44dcc5778e1cfb1bc2401993e3.woff2]
[jasoseol.com/assets/fontawesome-webfont-66db52b456efe7e29cec11fa09421d03cb09e37ed1b567307ec0444fd605ce3193e3.woff]
[jasoseol.com/assets/fontawesome-webfont-4f1f9ffe01469bbd03b254ec563c304dd92276514110364148cb7ffdd75d329793e3.svg]
[jasoseol.com/assets/twitter/fonts/glyphicons-halflings-regular.eot]
[jasoseol.com/assets/twitter/fonts/glyphicons-halflings-regulard41d.eot]
[jasoseol.com/assets/twitter/fonts/glyphicons-halflings-regular.woff]
[jasoseol.com/assets/twitter/fonts/glyphicons-halflings-regular.ttf]
[jasoseol.com/assets/fontawesome-webfont-c2a9333b008247abd42354df966498b4c2f1aa51a10b7e178a4f5df2edea4ce193e3.ttf]
[jasoseol.com/assets/twitter/fonts/glyphicons-halflings-regular.svg]
[jasoseol.com/assets/MaterialIcons-Regular.html]
[jasoseol.com/assets/MaterialIcons-Regular.woff]
[jasoseol.com/assets/MaterialIcons-Regular.eot]
[jasoseol.com/assets/application_web_main-9503ee99b9d67e7a03b96f428ac2dc4eade9222a6926950e91d9adf78e2b6f59.js]
[jasoseol.com/assets/recommend/img_blur_back-e5bd6b4e7bd2fe9991b514645471d4abeeea3fde6362c592153720a66943a56c.png]
[jasoseol.com/assets/main/resume/resume_list-d66db553fb1603dc91acb42d31a65f05fd5ac9412ad69660ae1114374dfa027f.png]
[jasoseol.com/assets/main/resume/resume_list_active-382f2cdd3b6eb7863199a78e2a0a1d24f0d3ce6a2aacd5836c171a1f1b38cd65.png]
[jasoseol.com/assets/main/resume/load-fccaf03f5a2a72e1a3df6bedc1d56ea7e550bd02042f465147594f01b76e8ee1.png]
[jasoseol.com/assets/main/resume/load_active-2d1160aae3a55834854f9e8cbb94729b98792c1430d369edacaea9a857c9bda1.png]
[jasoseol.com/assets/main/resume/new-f0c5d392ff3607fb911bd51694b14a984174a0692104dd479620bfab91899ea2.png]
[jasoseol.com/assets/main/resume/new_active-9138fe11a39ecaf4950a61153d118eb837cbe13bccd3096abbf785e928ab04fc.png]
[jasoseol.com/assets/main/resume/save-9bbe349db5c541e177ee0d4162c337ea59251a87a6ef2c44f8f72cd5ebb5c29a.png]
[jasoseol.com/assets/main/resume/save_active-94ca87a91fef40dcefcd12e5141621583bf22182de182c08c6d391256a190fb5.png]
[jasoseol.com/assets/main/resume/export-df3bcf7ca7f46f727ff04e348fb5342e83527de8bffe79282eed1cc68b91a5f1.png]
[jasoseol.com/assets/MaterialIcons-Regular.ttf]
[jasoseol.com/assets/main/resume/export_active-4addf21bb132478beba2fd8591eb18cd1353941293755555dafa5d81786439f7.png]
[jasoseol.com/assets/main/resume/list-1529d11d654ada3c00982b327ebf2da2d59e1fd7487ecdb5d2a965274e0f83e3.png]
[jasoseol.com/assets/main/resume/list_hover-4cd92940f9c8fc2ad273ee5c4bb91a739f3b8b5f50b973d1b227764bba23dcb9.png]
[jasoseol.com/assets/main/resume/grid-b87b99f5935627ff9aad44b2a7a9175d3191f4455932c875e6736ce372848084.png]
[jasoseol.com/assets/main/resume/grid_hover-520b931918c516a49d912430dd620c6e6bb5718c3b532a3f864008a880a8b642.png]
[jasoseol.com/assets/main/resume/add_folder-c3dc4b8aa9af885f66ba0e6e6d8d3523e235570553ae3c0651566e93c77fb0d8.png]
[jasoseol.com/assets/main/resume/add_folder_hover-39bc1acac8e8435cf8727eb8fe73a6a608333bd3e94421f7a7ebea63666344cd.png]
[jasoseol.com/assets/main/resume/order-b8a08d9819c28aecb56deab6a05f83d37ab5b199b8eb1c1bdcd62b9dfa3a424f.png]
[jasoseol.com/assets/main/resume/order_hover-accc90b28f5430084a5fd2f33f433d507ae91133e5dd22ce4a1dd4a0f200b1c1.png]
[jasoseol.com/assets/tutorial/calendar/more_in_app_background-3a1ee13f3e8116c16a1c4914a75e18877cd620bdc41a911b8155c8192c5d5f8a.png]
[jasoseol.com/assets/main/resume/new_resume-31b25625a1f28d23ca515e29eda12702ae5fdf708c90db121d06bcdaf4afc3a3.png]
[jasoseol.com/assets/img/loading.gif]
[jasoseol.com/assets/img/zTreeStandard.gif]
[jasoseol.com/assets/img/zTreeStandard.png]
[jasoseol.com/assets/main/resume/load/arrow.png]
[jasoseol.com/assets/main/resume/load/no_expand.png]
[jasoseol.com/assets/main/resume/load/expand.png]
[jasoseol.com/assets/chat/X_gray-067cbbb80c6e60dd22a2f6302252529d5b10dd90d943cf943a80d124fb6f169c.png]
[jasoseol.com/assets/main/resume/arrow-down-3c057d522ff07d2a76ef53c51ae1502c84b7ceb9be5d45d119c0246ac116de86.png]
[jasoseol.com/assets/community/dropdown-5bf0aa7bcb4c8f37d966ed8f1b78ebbee7e370a13ea49e6b11f5c192f69fad91.png]
[jasoseol.com/assets/main/resume/arrow-up-76ce165bf76da4292ea584bb74bc5f458cc892629974c6bf829aa1443da71964.png]
[jasoseol.com/assets/community/dropdown_up-f4b8096abf17a5ad515ef1b7ce47a8ff3d3d3e83df7161474bcc9ea483fded72.png]
[jasoseol.com/assets/chat/X_bright_gray-6f0171d2f21568e4b8b5534484d89545ba09d85260a4b69af46653449dd9bb6d.png]
[jasoseol.com/assets/application_web_main-c08f5cbd150ac70f1ce12b384f512d1b446bcd1b5e93e13cd6c478d55af38b85.css]
[jasoseol.com/assets/main/round-notifications-0c657dd66154e9dd366f62733421bf4566b0defdda5caac5717e3d272a6ca8ec.svg]
[jasoseol.com/assets/main/round-close-95fa67b813973e68103d449b1dca23cc4666e642866646696c2f9b3560d20314.svg]
[jasoseol.s3-ap-northeast-2.amazonaws.com/blog_posts/thumbnails/000/000/046/small/14fa9.png]
[jasoseol.image.s3-ap-northeast-1.amazonaws.com/spec_images/images/000/183/753/original/20170301_자소설-안내서-1번째-주제fda7.png]
[jasoseol.image.s3-ap-northeast-1.amazonaws.com/spec_images/images/000/183/791/original/블로그_참고이미지_수정-03dcc2.png]
[jasoseol.image.s3-ap-northeast-1.amazonaws.com/spec_images/images/000/183/792/original/블로그_참고이미지_수정-04da69.png]
[jasoseol.com/blog/post/46.html]
[jasoseol.com/assets/application-985e623e926d7fe1afa76b3553effd2c9e36677514084de50a63a17683038e96.css]
[jasoseol.com/assets/blog-5272d27efe945d124f2731479e1ebd50850832b85c751f6517b3c50c44c6d6a9.css]
[jasoseol.com/blog/post/51.html]
[jasoseol.s3-ap-northeast-2.amazonaws.com/blog_posts/thumbnails/000/000/051/thumb/180607_자소설_1f7d3.jpg]
[jasoseol.com/blog/post/50.html]
[jasoseol.s3-ap-northeast-2.amazonaws.com/blog_posts/thumbnails/000/000/050/thumb/180601_자소설_126c0.jpg]
[jasoseol.com/blog/post/49.html]
[jasoseol.s3-ap-northeast-2.amazonaws.com/blog_posts/thumbnails/000/000/049/thumb/15d4a.jpg]
[jasoseol.com/blog/post/48.html]
[jasoseol.s3-ap-northeast-2.amazonaws.com/blog_posts/thumbnails/000/000/048/thumb/자소설_썸네일이미지c682.jpg]
[jasoseol.com/blog/post/44.html]
[jasoseol.s3-ap-northeast-2.amazonaws.com/blog_posts/thumbnails/000/000/044/thumb/mainc3e1.png]
[jasoseol.com/blog/category4658.html]
[jasoseol.com/blog/category9ba9.html]
[jasoseol.com/blog/categoryfdb0.html]
[jasoseol.com/blog/categoryaf4d.html]
[jasoseol.com/blog/categoryc575.html]
[jasoseol.com/blog/category.html]
[jasoseol.com/blog/category/8.html]
[jasoseol.s3-ap-northeast-2.amazonaws.com/blog_posts/thumbnails/000/000/018/thumb/대지_82687.png]
[jasoseol.com/blog/post/18.html]
[jasoseol.com/blog/post/15.html]
[jasoseol.s3-ap-northeast-2.amazonaws.com/blog_posts/thumbnails/000/000/015/thumb/대지_265fda.png]
[jasoseol.s3-ap-northeast-2.amazonaws.com/blog_posts/thumbnails/000/000/013/thumb/대지_2641cc.png]
[jasoseol.com/blog/post/13.html]
[jasoseol.com/blog/post/9.html]
[jasoseol.s3-ap-northeast-2.amazonaws.com/blog_posts/thumbnails/000/000/009/thumb/대지_26_copy_408c5.png]
[jasoseol.com/blog/post/8.html]
[jasoseol.s3-ap-northeast-2.amazonaws.com/blog_posts/thumbnails/000/000/008/thumb/대지_26_copy_45915.png]
[jasoseol.com/blog/category/1.html]
[jasoseol.com/blog/post/10.html]
[jasoseol.s3-ap-northeast-2.amazonaws.com/blog_posts/thumbnails/000/000/010/thumb/20170306_블로그_썸네일_작업-166cb6.png]
[jasoseol.com/blog/post/6.html]
[jasoseol.s3-ap-northeast-2.amazonaws.com/blog_posts/thumbnails/000/000/006/thumb/20170306_블로그_썸네일_작업-1501bb.png]
[jasoseol.s3-ap-northeast-2.amazonaws.com/blog_posts/thumbnails/000/000/004/thumb/20170306_블로그_썸네일_작업-120766.png]
[jasoseol.com/blog/post/4.html]
[jasoseol.com/blog/post/3.html]
[jasoseol.s3-ap-northeast-2.amazonaws.com/blog_posts/thumbnails/000/000/003/thumb/20170306_블로그_썸네일_작업-11da9a.png]
[jasoseol.s3-ap-northeast-2.amazonaws.com/blog_posts/thumbnails/000/000/002/thumb/20170306_블로그_썸네일_작업-105203.png]
[jasoseol.com/blog/post/2.html]
[jasoseol.com/blog/post/1.html]
[jasoseol.s3-ap-northeast-2.amazonaws.com/blog_posts/thumbnails/000/000/001/thumb/20170306_블로그_썸네일_작업-06b714.png]
[jasoseol.com/blog/category/2.html]
[jasoseol.s3-ap-northeast-2.amazonaws.com/blog_posts/thumbnails/000/000/014/thumb/20170307_자소서연구소_11번째_주제-080cb4.png]
[jasoseol.com/blog/post/14.html]
[jasoseol.s3-ap-northeast-2.amazonaws.com/blog_posts/thumbnails/000/000/012/thumb/20170306_블로그_썸네일_작업-14d633.png]
[jasoseol.com/blog/post/12.html]
[jasoseol.com/blog/post/7.html]
[jasoseol.s3-ap-northeast-2.amazonaws.com/blog_posts/thumbnails/000/000/007/thumb/20170306_블로그_썸네일_작업-015ad9.png]
[jasoseol.s3-ap-northeast-2.amazonaws.com/blog_posts/thumbnails/000/000/005/thumb/20170306_블로그_썸네일_작업-13a04e.png]
[jasoseol.com/blog/category/3.html]
[jasoseol.com/blog/post/5.html]
[jasoseol.com/blog/category/4.html]
[jasoseol.s3-ap-northeast-2.amazonaws.com/blog_posts/thumbnails/000/000/037/thumb/20170620_자소서연구소_32번째_주제_아시아나_자기소개서_문항_분석-17754a.png]
[jasoseol.com/blog/post/37.html]
[jasoseol.s3-ap-northeast-2.amazonaws.com/blog_posts/thumbnails/000/000/036/thumb/20170517_자소서연구소_31번째_주제_우리은행_자기소개서_문항_분석-1675a6.png]
[jasoseol.com/blog/post/36.html]
[jasoseol.com/blog/post/35.html]
[jasoseol.s3-ap-northeast-2.amazonaws.com/blog_posts/thumbnails/000/000/035/thumb/20170510_자소서연구소_30번째_주제_NHN엔터테인먼트_자기소개서_문항_분석-142aea.png]
[jasoseol.s3-ap-northeast-2.amazonaws.com/blog_posts/thumbnails/000/000/034/thumb/20170501_자소서연구소_29번째_주제_매일유업_자기소개서_분석-142bcc.png]
[jasoseol.com/blog/post/34.html]
[jasoseol.com/blog/post/32.html]
[jasoseol.s3-ap-northeast-2.amazonaws.com/blog_posts/thumbnails/000/000/032/thumb/20170418_자소서연구소_27번째_주제_SPC_자기소개서_분석-143466.png]
[jasoseol.s3-ap-northeast-2.amazonaws.com/blog_posts/thumbnails/000/000/031/thumb/20170414_자소서연구소_26번째_주제_GS칼텍스_자기소개서_분석-154f6d.png]
[jasoseol.com/blog/post/31.html]
[jasoseol.s3-ap-northeast-2.amazonaws.com/blog_posts/thumbnails/000/000/029/thumb/20170405_자소서연구소_24번째_주제_KT_자기소개서_분석-194ac2.png]
[jasoseol.com/blog/post/29.html]
[jasoseol.s3-ap-northeast-2.amazonaws.com/blog_posts/thumbnails/000/000/027/thumb/20170328_자소서연구소_22번째_주제_아모레퍼시픽_자기소개서_분석-11f52a.png]
[jasoseol.com/blog/post/27.html]
[jasoseol.com/blog/category/74658.html]
[jasoseol.com/blog/category/7.html]
[jasoseol.com/blog/post/41.html]
[jasoseol.s3-ap-northeast-2.amazonaws.com/blog_posts/thumbnails/000/000/041/thumb/채팅방-02704a.png]
[jasoseol.com/blog/post/40.html]
[jasoseol.s3-ap-northeast-2.amazonaws.com/blog_posts/thumbnails/000/000/040/thumb/20170821_자소설닷컴_회원_설문_조사-08bb48.png]
[jasoseol.com/blog/post/33.html]
[jasoseol.s3-ap-northeast-2.amazonaws.com/blog_posts/thumbnails/000/000/033/thumb/20170424_자소서연구소_28번째_주제_바로_지원_기능-13fc70.png]
[jasoseol.com/blog/post/28.html]
[jasoseol.s3-ap-northeast-2.amazonaws.com/blog_posts/thumbnails/000/000/028/thumb/20170403_자소서연구소_23번째_주제-05b337.png]
[jasoseol.s3-ap-northeast-2.amazonaws.com/blog_posts/thumbnails/000/000/026/thumb/20170327_자소서연구소_21번째_주제-052bff.png]
[jasoseol.com/blog/post/26.html]
[jasoseol.com/blog/category/5.html]
[jasoseol.s3-ap-northeast-2.amazonaws.com/blog_posts/thumbnails/000/000/054/small/180611_자소설_1bd60.jpg]
[jasoseol.s3-ap-northeast-2.amazonaws.com/spec_images/images/000/187/934/original/180608_자소설_2c930.jpg]
[jasoseol.s3-ap-northeast-2.amazonaws.com/spec_images/images/000/187/935/original/180608_자소설_3bb5a.jpg]
[jasoseol.s3-ap-northeast-2.amazonaws.com/spec_images/images/000/187/937/original/180608_자소설_44b7c.jpg]
[jasoseol.s3-ap-northeast-2.amazonaws.com/spec_images/images/000/187/940/original/180608_자소설_5fdd9.jpg]
[jasoseol.s3-ap-northeast-2.amazonaws.com/spec_images/images/000/188/059/original/KakaoTalk_20180614_134554760489e.jpg]
[jasoseol.com/매체소개서1808.pdf]
[jasoseol.com/blog/post/www.mind3.co.11c.delayed]
[jasoseol.com/blog/post/54.html]
[jasoseol.s3-ap-northeast-2.amazonaws.com/blog_posts/thumbnails/000/000/053/small/180608_자소설_187e0.jpg]
[jasoseol.s3-ap-northeast-2.amazonaws.com/spec_images/images/000/187/884/original/180608_자소설_25f0a.jpg]
[jasoseol.s3-ap-northeast-2.amazonaws.com/spec_images/images/000/187/885/original/180608_자소설_3f257.jpg]
[jasoseol.s3-ap-northeast-2.amazonaws.com/spec_images/images/000/187/886/original/180608_자소설_4091b.jpg]
[jasoseol.s3-ap-northeast-2.amazonaws.com/spec_images/images/000/187/887/original/180608_자소설_54f81.jpg]
[jasoseol.s3-ap-northeast-2.amazonaws.com/spec_images/images/000/187/889/original/180608_자소설_61b54.jpg]
[jasoseol.com/blog/post/53.html]
[jasoseol.s3-ap-northeast-2.amazonaws.com/blog_posts/thumbnails/000/000/047/small/썸네일a617.png]
[jasoseol.image.s3-ap-northeast-1.amazonaws.com/spec_images/images/000/184/506/original/안냇9bc5.png]
[jasoseol.image.s3-ap-northeast-1.amazonaws.com/spec_images/images/000/184/508/original/경험정리17213.gif]
[jasoseol.image.s3-ap-northeast-1.amazonaws.com/spec_images/images/000/184/510/original/경험정리29e10.gif]
[jasoseol.image.s3-ap-northeast-1.amazonaws.com/spec_images/images/000/184/512/original/경험정리345da.gif]
[jasoseol.com/blog/post/47.html]
[jasoseol.s3-ap-northeast-2.amazonaws.com/blog_posts/thumbnails/000/000/045/small/schdeule1c88.png]
[jasoseol.image.s3-ap-northeast-1.amazonaws.com/spec_images/images/000/183/220/original/schdeule236a1.png]
[jasoseol.image.s3-ap-northeast-1.amazonaws.com/spec_images/images/000/183/225/original/ezgif.com-crop_(1)9000.gif]
[jasoseol.image.s3-ap-northeast-1.amazonaws.com/spec_images/images/000/183/337/original/스크린샷_2018-02-19_오전_12.32.22e1ce.png]
[jasoseol.image.s3-ap-northeast-1.amazonaws.com/spec_images/images/000/183/222/original/ezgif.com-crop_(3)43f2.gif]
[jasoseol.com/blog/post/45.html]
[jasoseol.s3-ap-northeast-2.amazonaws.com/blog_posts/thumbnails/000/000/025/small/20170323_자소서연구소_20번째_주제-100573.png]
[jasoseol.image.s3-ap-northeast-1.amazonaws.com/spec_images/images/000/165/573/original/20170323_자소서연구소_20번째_주제-018dac.png]
[jasoseol.image.s3-ap-northeast-1.amazonaws.com/spec_images/images/000/165/574/original/20170323_자소서연구소_20번째_주제-027c1f.png]
[jasoseol.image.s3-ap-northeast-1.amazonaws.com/spec_images/images/000/165/575/original/20170323_자소서연구소_20번째_주제-03f49e.png]
[jasoseol.image.s3-ap-northeast-1.amazonaws.com/spec_images/images/000/165/576/original/20170323_자소서연구소_20번째_주제-0476d8.png]
[jasoseol.image.s3-ap-northeast-1.amazonaws.com/spec_images/images/000/165/577/original/20170323_자소서연구소_20번째_주제-05c02f.png]
[jasoseol.image.s3-ap-northeast-1.amazonaws.com/spec_images/images/000/165/578/original/20170323_자소서연구소_20번째_주제-06227b.png]
[jasoseol.image.s3-ap-northeast-1.amazonaws.com/spec_images/images/000/165/579/original/20170323_자소서연구소_20번째_주제-070e15.png]
[jasoseol.image.s3-ap-northeast-1.amazonaws.com/spec_images/images/000/165/580/original/20170323_자소서연구소_20번째_주제-08a479.png]
[jasoseol.image.s3-ap-northeast-1.amazonaws.com/spec_images/images/000/165/581/original/20170323_자소서연구소_20번째_주제-09d870.png]
[jasoseol.com/blog/post/25.html]
[jasoseol.s3-ap-northeast-2.amazonaws.com/blog_posts/thumbnails/000/000/011/small/20170306_블로그_썸네일_작업-17d8d4.png]
[jasoseol.image.s3-ap-northeast-1.amazonaws.com/spec_images/images/000/163/368/original/20170223_자소서연구소_7번째_주제-017eb8.png]
[jasoseol.image.s3-ap-northeast-1.amazonaws.com/spec_images/images/000/163/369/original/20170223_자소서연구소_7번째_주제-023a02.png]
[jasoseol.image.s3-ap-northeast-1.amazonaws.com/spec_images/images/000/163/370/original/20170223_자소서연구소_7번째_주제-03a0e7.png]
[jasoseol.image.s3-ap-northeast-1.amazonaws.com/spec_images/images/000/163/371/original/20170223_자소서연구소_7번째_주제-04605d.png]
[jasoseol.image.s3-ap-northeast-1.amazonaws.com/spec_images/images/000/163/378/original/20170223_자소서연구소_7번째_주제-06e1c7.png]
[jasoseol.com/blog/post/11.html]
[jasoseol.s3-ap-northeast-2.amazonaws.com/blog_posts/thumbnails/000/000/030/small/20170411_자소설닷컴_기획직무분석-10b95e.png]
[jasoseol.image.s3-ap-northeast-1.amazonaws.com/spec_images/images/000/166/752/original/20170411_자소설닷컴_기획직무분석-01276b.png]
[jasoseol.image.s3-ap-northeast-1.amazonaws.com/spec_images/images/000/166/753/original/20170411_자소설닷컴_기획직무분석-0239bc.png]
[jasoseol.image.s3-ap-northeast-1.amazonaws.com/spec_images/images/000/166/754/original/20170411_자소설닷컴_기획직무분석-03aab9.png]
[jasoseol.image.s3-ap-northeast-1.amazonaws.com/spec_images/images/000/166/755/original/20170411_자소설닷컴_기획직무분석-04aab5.png]
[jasoseol.image.s3-ap-northeast-1.amazonaws.com/spec_images/images/000/166/756/original/20170411_자소설닷컴_기획직무분석-05d3c2.png]
[jasoseol.image.s3-ap-northeast-1.amazonaws.com/spec_images/images/000/166/757/original/20170411_자소설닷컴_기획직무분석-069dd8.png]
[jasoseol.image.s3-ap-northeast-1.amazonaws.com/spec_images/images/000/166/760/original/20170411_자소설닷컴_기획직무분석-09f825.png]
[jasoseol.image.s3-ap-northeast-1.amazonaws.com/spec_images/images/000/166/761/original/20170411_자소설닷컴_기획직무분석-11af66.png]
[jasoseol.image.s3-ap-northeast-1.amazonaws.com/spec_images/images/000/166/762/original/20170411_자소설닷컴_기획직무분석-123667.png]
[jasoseol.image.s3-ap-northeast-1.amazonaws.com/spec_images/images/000/166/764/original/20170411_자소설닷컴_기획직무분석-15f067.png]
[jasoseol.image.s3-ap-northeast-1.amazonaws.com/spec_images/images/000/166/763/original/20170411_자소설닷컴_기획직무분석-13ee1f.png]
[jasoseol.image.s3-ap-northeast-1.amazonaws.com/spec_images/images/000/166/765/original/20170411_자소설닷컴_기획직무분석-14c3f1.png]
[jasoseol.com/blog/post/30.html]
[jasoseol.s3-ap-northeast-2.amazonaws.com/blog_posts/thumbnails/000/000/016/small/20170308_자소서연구소_13번째_주제-08240c.png]
[jasoseol.image.s3-ap-northeast-1.amazonaws.com/spec_images/images/000/163/688/original/20170308_자소서연구소_13번째_주제-015286.png]
[jasoseol.image.s3-ap-northeast-1.amazonaws.com/spec_images/images/000/163/689/original/20170308_자소서연구소_13번째_주제-02a054.png]
[jasoseol.image.s3-ap-northeast-1.amazonaws.com/spec_images/images/000/163/690/original/20170308_자소서연구소_13번째_주제-036fae.png]
[jasoseol.image.s3-ap-northeast-1.amazonaws.com/spec_images/images/000/163/691/original/20170308_자소서연구소_13번째_주제-04f0d4.png]
[jasoseol.image.s3-ap-northeast-1.amazonaws.com/spec_images/images/000/163/692/original/20170308_자소서연구소_13번째_주제-05811f.png]
[jasoseol.image.s3-ap-northeast-1.amazonaws.com/spec_images/images/000/163/693/original/20170308_자소서연구소_13번째_주제-096c46.png]
[jasoseol.image.s3-ap-northeast-1.amazonaws.com/spec_images/images/000/163/697/original/20170308_자소서연구소_13번째_주제-07f4ce.png]
[jasoseol.com/blog/post/16.html]
[jasoseol.s3-ap-northeast-2.amazonaws.com/blog_posts/thumbnails/000/000/021/small/대지_1119c2.png]
[jasoseol.image.s3-ap-northeast-1.amazonaws.com/spec_images/images/000/164/946/original/대지_11058.png]
[jasoseol.image.s3-ap-northeast-1.amazonaws.com/spec_images/images/000/164/947/original/대지_2a28b.png]
[jasoseol.image.s3-ap-northeast-1.amazonaws.com/spec_images/images/000/164/948/original/대지_348d2.png]
[jasoseol.image.s3-ap-northeast-1.amazonaws.com/spec_images/images/000/164/949/original/대지_468a4.png]
[jasoseol.image.s3-ap-northeast-1.amazonaws.com/spec_images/images/000/164/953/original/대지_5f6e2.png]
[jasoseol.image.s3-ap-northeast-1.amazonaws.com/spec_images/images/000/164/954/original/대지_6b99b.png]
[jasoseol.image.s3-ap-northeast-1.amazonaws.com/spec_images/images/000/164/955/original/대지_7084b.png]
[jasoseol.image.s3-ap-northeast-1.amazonaws.com/spec_images/images/000/164/956/original/대지_8b41c.png]
[jasoseol.image.s3-ap-northeast-1.amazonaws.com/spec_images/images/000/164/957/original/대지_98357.png]
[jasoseol.image.s3-ap-northeast-1.amazonaws.com/spec_images/images/000/164/959/original/대지_10ef07.png]
[jasoseol.com/blog/post/21.html]
[jasoseol.s3-ap-northeast-2.amazonaws.com/blog_posts/thumbnails/000/000/017/small/20170307_자소서연구소_12번째_주제-07fe59.png]
[jasoseol.image.s3-ap-northeast-1.amazonaws.com/spec_images/images/000/163/698/original/20170307_자소서연구소_12번째_주제-019a24.png]
[jasoseol.image.s3-ap-northeast-1.amazonaws.com/spec_images/images/000/163/699/original/20170307_자소서연구소_12번째_주제-022336.png]
[jasoseol.image.s3-ap-northeast-1.amazonaws.com/spec_images/images/000/163/700/original/20170307_자소서연구소_12번째_주제-0324cd.png]
[jasoseol.image.s3-ap-northeast-1.amazonaws.com/spec_images/images/000/163/701/original/20170307_자소서연구소_12번째_주제-0437fc.png]
[jasoseol.image.s3-ap-northeast-1.amazonaws.com/spec_images/images/000/163/703/original/20170307_자소서연구소_12번째_주제-0508ab.png]
[jasoseol.image.s3-ap-northeast-1.amazonaws.com/spec_images/images/000/163/706/original/20170307_자소서연구소_12번째_주제-087697.png]
[jasoseol.image.s3-ap-northeast-1.amazonaws.com/spec_images/images/000/163/707/original/20170307_자소서연구소_12번째_주제-09f6a1.png]
[jasoseol.image.s3-ap-northeast-1.amazonaws.com/spec_images/images/000/163/708/original/20170307_자소서연구소_12번째_주제-06c841.png]
[jasoseol.com/blog/post/17.html]
[jasoseol.s3-ap-northeast-2.amazonaws.com/blog_posts/thumbnails/000/000/042/small/20171107_자소서연구소_34번째_주제_롯데그룹_자기소개서_문항_분석-140a6e.png]
[jasoseol.image.s3-ap-northeast-1.amazonaws.com/spec_images/images/000/179/404/original/20171107_자소서연구소_34번째_주제_롯데그룹_자기소개서_문항_분석-0169b1.png]
[jasoseol.image.s3-ap-northeast-1.amazonaws.com/spec_images/images/000/179/405/original/20171107_자소서연구소_34번째_주제_롯데그룹_자기소개서_문항_분석-02c3b0.png]
[jasoseol.image.s3-ap-northeast-1.amazonaws.com/spec_images/images/000/179/406/original/20171107_자소서연구소_34번째_주제_롯데그룹_자기소개서_문항_분석-030e4f.png]
[jasoseol.image.s3-ap-northeast-1.amazonaws.com/spec_images/images/000/179/407/original/20171107_자소서연구소_34번째_주제_롯데그룹_자기소개서_문항_분석-16618b.png]
[jasoseol.image.s3-ap-northeast-1.amazonaws.com/spec_images/images/000/179/408/original/20171107_자소서연구소_34번째_주제_롯데그룹_자기소개서_문항_분석-0411b9.png]
[jasoseol.image.s3-ap-northeast-1.amazonaws.com/spec_images/images/000/179/409/original/20171107_자소서연구소_34번째_주제_롯데그룹_자기소개서_문항_분석-188936.png]
[jasoseol.image.s3-ap-northeast-1.amazonaws.com/spec_images/images/000/179/411/original/20171107_자소서연구소_34번째_주제_롯데그룹_자기소개서_문항_분석-05ed70.png]
[jasoseol.image.s3-ap-northeast-1.amazonaws.com/spec_images/images/000/179/410/original/20171107_자소서연구소_34번째_주제_롯데그룹_자기소개서_문항_분석-19b869.png]
[jasoseol.image.s3-ap-northeast-1.amazonaws.com/spec_images/images/000/179/413/original/20171107_자소서연구소_34번째_주제_롯데그룹_자기소개서_문항_분석-06df17.png]
[jasoseol.image.s3-ap-northeast-1.amazonaws.com/spec_images/images/000/179/414/original/20171107_자소서연구소_34번째_주제_롯데그룹_자기소개서_문항_분석-072235.png]
[jasoseol.image.s3-ap-northeast-1.amazonaws.com/spec_images/images/000/179/415/original/20171107_자소서연구소_34번째_주제_롯데그룹_자기소개서_문항_분석-17f939.png]
[jasoseol.image.s3-ap-northeast-1.amazonaws.com/spec_images/images/000/179/416/original/20171107_자소서연구소_34번째_주제_롯데그룹_자기소개서_문항_분석-083abc.png]
[jasoseol.image.s3-ap-northeast-1.amazonaws.com/spec_images/images/000/179/417/original/20171107_자소서연구소_34번째_주제_롯데그룹_자기소개서_문항_분석-093c9e.png]
[jasoseol.image.s3-ap-northeast-1.amazonaws.com/spec_images/images/000/179/418/original/20171107_자소서연구소_34번째_주제_롯데그룹_자기소개서_문항_분석-10b0ba.png]
[jasoseol.image.s3-ap-northeast-1.amazonaws.com/spec_images/images/000/179/419/original/20171107_자소서연구소_34번째_주제_롯데그룹_자기소개서_문항_분석-11503b.png]
[jasoseol.image.s3-ap-northeast-1.amazonaws.com/spec_images/images/000/179/420/original/20171107_자소서연구소_34번째_주제_롯데그룹_자기소개서_문항_분석-134b7c.png]
[jasoseol.com/info/20898.html]
[jasoseol.image.s3-ap-northeast-1.amazonaws.com/spec_images/images/000/179/421/original/20171107_자소서연구소_34번째_주제_롯데그룹_자기소개서_문항_분석-1211b1.png]
[jasoseol.com/blog/post/42.html]
[jasoseol.s3-ap-northeast-2.amazonaws.com/blog_posts/thumbnails/000/000/038/small/20170719_자소서연구소_33번째_주제_LG화학_자기소개서_문항_분석-15b464.png]
[jasoseol.image.s3-ap-northeast-1.amazonaws.com/spec_images/images/000/171/022/original/20170719_자소서연구소_33번째_주제_LG화학_자기소개서_문항_분석-01c917.png]
[jasoseol.image.s3-ap-northeast-1.amazonaws.com/spec_images/images/000/171/023/original/20170719_자소서연구소_33번째_주제_LG화학_자기소개서_문항_분석-020189.png]
[jasoseol.image.s3-ap-northeast-1.amazonaws.com/spec_images/images/000/171/024/original/20170719_자소서연구소_33번째_주제_LG화학_자기소개서_문항_분석-03088f.png]
[jasoseol.image.s3-ap-northeast-1.amazonaws.com/spec_images/images/000/171/025/original/20170719_자소서연구소_33번째_주제_LG화학_자기소개서_문항_분석-0415ab.png]
[jasoseol.image.s3-ap-northeast-1.amazonaws.com/spec_images/images/000/171/026/original/20170719_자소서연구소_33번째_주제_LG화학_자기소개서_문항_분석-05ef8b.png]
[jasoseol.image.s3-ap-northeast-1.amazonaws.com/spec_images/images/000/171/027/original/20170719_자소서연구소_33번째_주제_LG화학_자기소개서_문항_분석-060a6a.png]
[jasoseol.image.s3-ap-northeast-1.amazonaws.com/spec_images/images/000/171/030/original/20170719_자소서연구소_33번째_주제_LG화학_자기소개서_문항_분석-0933de.png]
[jasoseol.image.s3-ap-northeast-1.amazonaws.com/spec_images/images/000/171/031/original/20170719_자소서연구소_33번째_주제_LG화학_자기소개서_문항_분석-10b0ac.png]
[jasoseol.image.s3-ap-northeast-1.amazonaws.com/spec_images/images/000/169/622/original/20170620_자소서연구소_32번째_주제_아시아나_자기소개서_문항_분석-1308bb.png]
[jasoseol.image.s3-ap-northeast-1.amazonaws.com/spec_images/images/000/171/033/original/20170719_자소서연구소_33번째_주제_LG화학_자기소개서_문항_분석-145968.png]
[jasoseol.image.s3-ap-northeast-1.amazonaws.com/spec_images/images/000/169/623/original/20170620_자소서연구소_32번째_주제_아시아나_자기소개서_문항_분석-149d2f.png]
[jasoseol.image.s3-ap-northeast-1.amazonaws.com/spec_images/images/000/179/249/original/20170719_자소서연구소_33번째_주제_LG화학_자기소개서_문항_분석-17c9da.png]
[jasoseol.com/blog/post/38.html]
[jasoseol.s3-ap-northeast-2.amazonaws.com/blog_posts/thumbnails/000/000/043/small/자산_2b1b3.png]
[jasoseol.image.s3-ap-northeast-1.amazonaws.com/spec_images/images/000/181/177/original/20161026_채팅창-개선-이메일68c5.png]
[jasoseol.image.s3-ap-northeast-1.amazonaws.com/spec_images/images/000/181/129/original/notification8a3e.png]
[jasoseol.com/blog/post/43.html]
[jasoseol.com/assets/business-5e6ac191dec72ebcd0adaebc1dcf31b08842c7066a5a9dbcce551ce11fbb8234.css]
[jasoseol.com/assets/fontawesome-webfont-4f1f9ffe01469bbd03b254ec563c304dd92276514110364148cb7ffdd75d329793e3.svg]
[jasoseol.com/assets/twitter/fonts/glyphicons-halflings-regular.html]
[jasoseol.com/assets/twitter/fonts/glyphicons-halflings-regulard41d.html]
[jasoseol.com/assets/twitter/fonts/glyphicons-halflings-regular-2.html]
[jasoseol.com/assets/twitter/fonts/glyphicons-halflings-regular-3.html]
[jasoseol.com/assets/twitter/fonts/glyphicons-halflings-regular-4.html]
[jasoseol.com/assets/MaterialIcons-Regular.html]
[jasoseol.s3-ap-northeast-2.amazonaws.com/blog_posts/thumbnails/000/000/051/small/180607_자소설_1f7d3.jpg]
[jasoseol.s3-ap-northeast-2.amazonaws.com/spec_images/images/000/187/827/original/180607_자소설_26d30.jpg]
[jasoseol.com/assets/75_blue-0bc98bad46bcbe933d9b00cebb69f11ecca9bcfd5a425c7ac43e11cc71c45e88.jpg]
[jasoseol.s3-ap-northeast-2.amazonaws.com/spec_images/images/000/187/828/original/180607_자소설_3811a.jpg]
[jasoseol.s3-ap-northeast-2.amazonaws.com/spec_images/images/000/187/830/original/180607_자소설_4a962.jpg]
[jasoseol.com/blog/post/51.html]
[jasoseol.s3-ap-northeast-2.amazonaws.com/blog_posts/thumbnails/000/000/050/small/180601_자소설_126c0.jpg]
[jasoseol.s3-ap-northeast-2.amazonaws.com/spec_images/images/000/187/669/original/180601_자소설_28a0a.jpg]
[jasoseol.s3-ap-northeast-2.amazonaws.com/spec_images/images/000/187/668/original/180601_자소설_3ef86.jpg]
[jasoseol.com/blog/post/50.html]
[jasoseol.s3-ap-northeast-2.amazonaws.com/blog_posts/thumbnails/000/000/049/small/15d4a.jpg]
[jasoseol.s3-ap-northeast-2.amazonaws.com/spec_images/images/000/187/557/original/27ae0.jpg]
[jasoseol.s3-ap-northeast-2.amazonaws.com/spec_images/images/000/187/558/original/3f88e.jpg]
[jasoseol.com/blog/post/49.html]
[jasoseol.s3-ap-northeast-2.amazonaws.com/blog_posts/thumbnails/000/000/048/small/자소설_썸네일이미지c682.jpg]
[jasoseol.s3-ap-northeast-2.amazonaws.com/spec_images/images/000/187/455/original/자소설_본문상단배너3ad8.jpg]
[jasoseol.s3-ap-northeast-2.amazonaws.com/spec_images/images/000/187/457/original/psot100108.jpg]
[jasoseol.com/blog/post/48.html]
[jasoseol.s3-ap-northeast-2.amazonaws.com/blog_posts/thumbnails/000/000/044/small/mainc3e1.png]
[jasoseol.image.s3-ap-northeast-1.amazonaws.com/spec_images/images/000/183/219/original/12324b5.png]
[jasoseol.image.s3-ap-northeast-1.amazonaws.com/spec_images/images/000/183/210/original/설명페이지a84c.png]
[jasoseol.com/blog/post/44.html]
[jasoseol.com/blog/category2679.html]
[jasoseol.com/blog/category4658.html]
[jasoseol.com/blog/post/23.html]
[jasoseol.s3-ap-northeast-2.amazonaws.com/blog_posts/thumbnails/000/000/023/thumb/20170317_자소서연구소_18번째_주제_삼성_그룹_자기소개서_2번_문항-105f62.png]
[jasoseol.com/blog/post/22.html]
[jasoseol.s3-ap-northeast-2.amazonaws.com/blog_posts/thumbnails/000/000/022/thumb/20170316_자소서연구소_17번째_주제_삼성_그룹_자기소개서_1번_문항-11d512.png]
[jasoseol.com/blog/category9ba9.html]
[jasoseol.com/blog/post/20.html]
[jasoseol.s3-ap-northeast-2.amazonaws.com/blog_posts/thumbnails/000/000/020/thumb/20170314_자소서연구소_15번째_주제-1718cb.png]
[jasoseol.com/blog/post/19.html]
[jasoseol.s3-ap-northeast-2.amazonaws.com/blog_posts/thumbnails/000/000/019/thumb/20170309_자소서연구소_14번째_주제-19e4e1.png]
[jasoseol.com/blog/categoryfdb0.html]
[jasoseol.com/blog/categoryaf4d.html]
[jasoseol.com/blog/categoryc575.html]
[jasoseol.s3-ap-northeast-2.amazonaws.com/blog_posts/thumbnails/000/000/018/small/대지_82687.png]
[jasoseol.image.s3-ap-northeast-1.amazonaws.com/spec_images/images/000/163/970/original/대지_12019.png]
[jasoseol.image.s3-ap-northeast-1.amazonaws.com/spec_images/images/000/163/971/original/대지_258cd.png]
[jasoseol.image.s3-ap-northeast-1.amazonaws.com/spec_images/images/000/163/972/original/대지_33a8b.png]
[jasoseol.image.s3-ap-northeast-1.amazonaws.com/spec_images/images/000/163/973/original/대지_4e007.png]
[jasoseol.image.s3-ap-northeast-1.amazonaws.com/spec_images/images/000/163/974/original/대지_552b8.png]
[jasoseol.image.s3-ap-northeast-1.amazonaws.com/spec_images/images/000/163/975/original/대지_6501a.png]
[jasoseol.image.s3-ap-northeast-1.amazonaws.com/spec_images/images/000/163/978/original/대지_7ae6e.png]
[jasoseol.com/blog/post/18.html]
[jasoseol.s3-ap-northeast-2.amazonaws.com/blog_posts/thumbnails/000/000/015/small/대지_265fda.png]
[jasoseol.image.s3-ap-northeast-1.amazonaws.com/spec_images/images/000/163/641/original/대지_1a98d.png]
[jasoseol.image.s3-ap-northeast-1.amazonaws.com/spec_images/images/000/163/642/original/대지_201ff.png]
[jasoseol.image.s3-ap-northeast-1.amazonaws.com/spec_images/images/000/163/643/original/대지_3160b.png]
[jasoseol.image.s3-ap-northeast-1.amazonaws.com/spec_images/images/000/163/644/original/대지_4e8d7.png]
[jasoseol.image.s3-ap-northeast-1.amazonaws.com/spec_images/images/000/163/645/original/대지_57d9a.png]
[jasoseol.image.s3-ap-northeast-1.amazonaws.com/spec_images/images/000/163/646/original/대지_25eaea.png]
[jasoseol.com/blog/post/15.html]
[jasoseol.s3-ap-northeast-2.amazonaws.com/blog_posts/thumbnails/000/000/013/small/대지_2641cc.png]
[jasoseol.image.s3-ap-northeast-1.amazonaws.com/spec_images/images/000/163/606/original/대지_10950.png]
[jasoseol.image.s3-ap-northeast-1.amazonaws.com/spec_images/images/000/163/607/original/대지_2a2cf.png]
[jasoseol.image.s3-ap-northeast-1.amazonaws.com/spec_images/images/000/163/460/original/대지_3c166.png]
[jasoseol.image.s3-ap-northeast-1.amazonaws.com/spec_images/images/000/163/462/original/대지_410b9.png]
[jasoseol.image.s3-ap-northeast-1.amazonaws.com/spec_images/images/000/163/464/original/대지_581c4.png]
[jasoseol.image.s3-ap-northeast-1.amazonaws.com/spec_images/images/000/163/467/original/대지_6d3ba.png]
[jasoseol.com/blog/post/13.html]
[jasoseol.s3-ap-northeast-2.amazonaws.com/blog_posts/thumbnails/000/000/009/small/대지_26_copy_408c5.png]
[jasoseol.image.s3-ap-northeast-1.amazonaws.com/spec_images/images/000/163/602/original/대지_107b3.png]
[jasoseol.image.s3-ap-northeast-1.amazonaws.com/spec_images/images/000/163/605/original/대지_2041b.png]
[jasoseol.image.s3-ap-northeast-1.amazonaws.com/spec_images/images/000/163/144/original/대지_33fe7.png]
[jasoseol.image.s3-ap-northeast-1.amazonaws.com/spec_images/images/000/163/145/original/대지_4acea.png]
[jasoseol.image.s3-ap-northeast-1.amazonaws.com/spec_images/images/000/163/146/original/대지_5bb35.png]
[jasoseol.image.s3-ap-northeast-1.amazonaws.com/spec_images/images/000/163/147/original/대지_6b8e8.png]
[jasoseol.image.s3-ap-northeast-1.amazonaws.com/spec_images/images/000/163/148/original/대지_7aeb9.png]
[jasoseol.com/blog/post/9.html]
[jasoseol.s3-ap-northeast-2.amazonaws.com/blog_posts/thumbnails/000/000/008/small/대지_26_copy_45915.png]
[jasoseol.image.s3-ap-northeast-1.amazonaws.com/spec_images/images/000/163/047/original/대지_1d3b5.png]
[jasoseol.image.s3-ap-northeast-1.amazonaws.com/spec_images/images/000/163/601/original/대지_2c19d.png]
[jasoseol.image.s3-ap-northeast-1.amazonaws.com/spec_images/images/000/163/049/original/대지_32b35.png]
[jasoseol.image.s3-ap-northeast-1.amazonaws.com/spec_images/images/000/163/412/original/대지_43da2.png]
[jasoseol.image.s3-ap-northeast-1.amazonaws.com/spec_images/images/000/163/054/original/대지_51173.png]
[jasoseol.image.s3-ap-northeast-1.amazonaws.com/spec_images/images/000/163/055/original/대지_24d902.png]
[jasoseol.image.s3-ap-northeast-1.amazonaws.com/spec_images/images/000/163/056/original/대지_25c0ba.png]
[jasoseol.com/blog/post/8.html]
[jasoseol.s3-ap-northeast-2.amazonaws.com/blog_posts/thumbnails/000/000/010/small/20170306_블로그_썸네일_작업-166cb6.png]
[jasoseol.image.s3-ap-northeast-1.amazonaws.com/spec_images/images/000/163/356/original/20170223_자소서연구소_6번째_주제-017177.png]
[jasoseol.image.s3-ap-northeast-1.amazonaws.com/spec_images/images/000/163/359/original/20170223_자소서연구소_6번째_주제-025a6f.png]
[jasoseol.image.s3-ap-northeast-1.amazonaws.com/spec_images/images/000/163/360/original/20170223_자소서연구소_6번째_주제-03c95d.png]
[jasoseol.image.s3-ap-northeast-1.amazonaws.com/spec_images/images/000/163/363/original/20170223_자소서연구소_6번째_주제-048ffd.png]
[jasoseol.image.s3-ap-northeast-1.amazonaws.com/spec_images/images/000/163/365/original/20170223_자소서연구소_6번째_주제-0646b1.png]
[jasoseol.com/blog/post/10.html]
[jasoseol.s3-ap-northeast-2.amazonaws.com/blog_posts/thumbnails/000/000/006/small/20170306_블로그_썸네일_작업-1501bb.png]
[jasoseol.image.s3-ap-northeast-1.amazonaws.com/spec_images/images/000/163/126/original/대지_17036.png]
[jasoseol.image.s3-ap-northeast-1.amazonaws.com/spec_images/images/000/163/127/original/대지_221eb.png]
[jasoseol.image.s3-ap-northeast-1.amazonaws.com/spec_images/images/000/163/129/original/대지_3e6d7.png]
[jasoseol.image.s3-ap-northeast-1.amazonaws.com/spec_images/images/000/163/131/original/대지_44264.png]
[jasoseol.image.s3-ap-northeast-1.amazonaws.com/spec_images/images/000/163/133/original/대지_58b4a.png]
[jasoseol.image.s3-ap-northeast-1.amazonaws.com/spec_images/images/000/163/138/original/대지_76bc4.png]
[jasoseol.com/blog/post/6.html]
[jasoseol.s3-ap-northeast-2.amazonaws.com/blog_posts/thumbnails/000/000/004/small/20170306_블로그_썸네일_작업-120766.png]
[jasoseol.image.s3-ap-northeast-1.amazonaws.com/spec_images/images/000/163/102/original/대지_1e0f8.png]
[jasoseol.image.s3-ap-northeast-1.amazonaws.com/spec_images/images/000/163/103/original/대지_2f064.png]
[jasoseol.image.s3-ap-northeast-1.amazonaws.com/spec_images/images/000/163/105/original/대지_34439.png]
[jasoseol.image.s3-ap-northeast-1.amazonaws.com/spec_images/images/000/163/107/original/대지_4e994.png]
[jasoseol.image.s3-ap-northeast-1.amazonaws.com/spec_images/images/000/163/112/original/대지_6156f.png]
[jasoseol.com/blog/post/4.html]
[jasoseol.s3-ap-northeast-2.amazonaws.com/blog_posts/thumbnails/000/000/003/small/20170306_블로그_썸네일_작업-11da9a.png]
[jasoseol.image.s3-ap-northeast-1.amazonaws.com/spec_images/images/000/163/093/original/대지_1ad18.png]
[jasoseol.image.s3-ap-northeast-1.amazonaws.com/spec_images/images/000/163/094/original/대지_2fedf.png]
[jasoseol.image.s3-ap-northeast-1.amazonaws.com/spec_images/images/000/163/096/original/대지_3c41f.png]
[jasoseol.image.s3-ap-northeast-1.amazonaws.com/spec_images/images/000/163/098/original/대지_40861.png]
[jasoseol.image.s3-ap-northeast-1.amazonaws.com/spec_images/images/000/163/091/original/대지_68d57.png]
[jasoseol.com/blog/post/3.html]
[jasoseol.s3-ap-northeast-2.amazonaws.com/blog_posts/thumbnails/000/000/002/small/20170306_블로그_썸네일_작업-105203.png]
[jasoseol.image.s3-ap-northeast-1.amazonaws.com/spec_images/images/000/163/078/original/대지_1205c.png]
[jasoseol.image.s3-ap-northeast-1.amazonaws.com/spec_images/images/000/163/080/original/대지_2cdde.png]
[jasoseol.image.s3-ap-northeast-1.amazonaws.com/spec_images/images/000/163/081/original/대지_385b2.png]
[jasoseol.image.s3-ap-northeast-1.amazonaws.com/spec_images/images/000/163/084/original/대지_41c3e.png]
[jasoseol.image.s3-ap-northeast-1.amazonaws.com/spec_images/images/000/163/085/original/대지_58ef7.png]
[jasoseol.image.s3-ap-northeast-1.amazonaws.com/spec_images/images/000/163/088/original/대지_6dade.png]
[jasoseol.image.s3-ap-northeast-1.amazonaws.com/spec_images/images/000/163/090/original/대지_746d2.png]
[jasoseol.com/blog/post/2.html]
[jasoseol.s3-ap-northeast-2.amazonaws.com/blog_posts/thumbnails/000/000/001/small/20170306_블로그_썸네일_작업-06b714.png]
[jasoseol.image.s3-ap-northeast-1.amazonaws.com/spec_images/images/000/163/063/original/대지_1c07b.png]
[jasoseol.image.s3-ap-northeast-1.amazonaws.com/spec_images/images/000/163/065/original/대지_2e8aa.png]
[jasoseol.image.s3-ap-northeast-1.amazonaws.com/spec_images/images/000/163/066/original/대지_3ac90.png]
[jasoseol.image.s3-ap-northeast-1.amazonaws.com/spec_images/images/000/163/070/original/대지_43dca.png]
[jasoseol.image.s3-ap-northeast-1.amazonaws.com/spec_images/images/000/163/071/original/대지_5aaf5.png]
[jasoseol.image.s3-ap-northeast-1.amazonaws.com/spec_images/images/000/163/074/original/대지_75585.png]
[jasoseol.image.s3-ap-northeast-1.amazonaws.com/spec_images/images/000/163/077/original/대지_7c5f9.png]
[jasoseol.com/blog/post/1.html]
[jasoseol.s3-ap-northeast-2.amazonaws.com/blog_posts/thumbnails/000/000/014/small/20170307_자소서연구소_11번째_주제-080cb4.png]
[jasoseol.image.s3-ap-northeast-1.amazonaws.com/spec_images/images/000/163/552/original/20170307_자소서연구소_11번째_주제-01df60.png]
[jasoseol.image.s3-ap-northeast-1.amazonaws.com/spec_images/images/000/163/553/original/20170307_자소서연구소_11번째_주제-02cb78.png]
[jasoseol.image.s3-ap-northeast-1.amazonaws.com/spec_images/images/000/163/510/original/20170307_자소서연구소_11번째_주제-033937.png]
[jasoseol.image.s3-ap-northeast-1.amazonaws.com/spec_images/images/000/163/511/original/20170307_자소서연구소_11번째_주제-04e4b9.png]
[jasoseol.image.s3-ap-northeast-1.amazonaws.com/spec_images/images/000/163/512/original/20170307_자소서연구소_11번째_주제-050eb4.png]
[jasoseol.image.s3-ap-northeast-1.amazonaws.com/spec_images/images/000/163/582/original/20170307_자소서연구소_11번째_주제-077fab.png]
[jasoseol.com/blog/post/14.html]
[jasoseol.s3-ap-northeast-2.amazonaws.com/blog_posts/thumbnails/000/000/012/small/20170306_블로그_썸네일_작업-14d633.png]
[jasoseol.image.s3-ap-northeast-1.amazonaws.com/spec_images/images/000/163/555/original/20170224_자소서연구소_10번째_주제-02e9cd.png]
[jasoseol.image.s3-ap-northeast-1.amazonaws.com/spec_images/images/000/163/556/original/20170224_자소서연구소_10번째_주제-02c0dd.png]
[jasoseol.image.s3-ap-northeast-1.amazonaws.com/spec_images/images/000/163/383/original/20170224_자소서연구소_10번째_주제-03fd72.png]
[jasoseol.image.s3-ap-northeast-1.amazonaws.com/spec_images/images/000/163/384/original/20170224_자소서연구소_10번째_주제-04a479.png]
[jasoseol.image.s3-ap-northeast-1.amazonaws.com/spec_images/images/000/163/385/original/20170224_자소서연구소_10번째_주제-05e0c3.png]
[jasoseol.image.s3-ap-northeast-1.amazonaws.com/spec_images/images/000/163/580/original/20170224_자소서연구소_10번째_주제-070eac.png]
[jasoseol.com/blog/post/12.html]
[jasoseol.s3-ap-northeast-2.amazonaws.com/blog_posts/thumbnails/000/000/007/small/20170306_블로그_썸네일_작업-015ad9.png]
[jasoseol.image.s3-ap-northeast-1.amazonaws.com/spec_images/images/000/163/557/original/20170224_자소서연구소_9번째_주제-018e14.png]
[jasoseol.image.s3-ap-northeast-1.amazonaws.com/spec_images/images/000/163/558/original/20170224_자소서연구소_9번째_주제-02426b.png]
[jasoseol.image.s3-ap-northeast-1.amazonaws.com/spec_images/images/000/163/037/original/20170224_자소서연구소_9번째_주제-038d39.png]
[jasoseol.image.s3-ap-northeast-1.amazonaws.com/spec_images/images/000/163/038/original/20170224_자소서연구소_9번째_주제-046cd8.png]
[jasoseol.image.s3-ap-northeast-1.amazonaws.com/spec_images/images/000/163/039/original/20170224_자소서연구소_9번째_주제-0515b1.png]
[jasoseol.image.s3-ap-northeast-1.amazonaws.com/spec_images/images/000/163/576/original/20170224_자소서연구소_9번째_주제-077061.png]
[jasoseol.com/blog/post/7.html]
[jasoseol.s3-ap-northeast-2.amazonaws.com/blog_posts/thumbnails/000/000/005/small/20170306_블로그_썸네일_작업-13a04e.png]
[jasoseol.image.s3-ap-northeast-1.amazonaws.com/spec_images/images/000/163/550/original/20170223_자소서연구소_8번째_주제-0129be.png]
[jasoseol.image.s3-ap-northeast-1.amazonaws.com/spec_images/images/000/163/551/original/20170223_자소서연구소_8번째_주제-024a05.png]
[jasoseol.image.s3-ap-northeast-1.amazonaws.com/spec_images/images/000/163/117/original/대지_3c71f.png]
[jasoseol.image.s3-ap-northeast-1.amazonaws.com/spec_images/images/000/163/119/original/대지_4ce65.png]
[jasoseol.image.s3-ap-northeast-1.amazonaws.com/spec_images/images/000/163/121/original/대지_5f173.png]
[jasoseol.image.s3-ap-northeast-1.amazonaws.com/spec_images/images/000/163/577/original/20170223_자소서연구소_8번째_주제-07929e.png]
[jasoseol.com/blog/post/5.html]
[jasoseol.s3-ap-northeast-2.amazonaws.com/blog_posts/thumbnails/000/000/037/small/20170620_자소서연구소_32번째_주제_아시아나_자기소개서_문항_분석-17754a.png]
[jasoseol.image.s3-ap-northeast-1.amazonaws.com/spec_images/images/000/169/610/original/20170620_자소서연구소_32번째_주제_아시아나_자기소개서_문항_분석-019a2b.png]
[jasoseol.image.s3-ap-northeast-1.amazonaws.com/spec_images/images/000/169/611/original/20170620_자소서연구소_32번째_주제_아시아나_자기소개서_문항_분석-02a0af.png]
[jasoseol.image.s3-ap-northeast-1.amazonaws.com/spec_images/images/000/169/612/original/20170620_자소서연구소_32번째_주제_아시아나_자기소개서_문항_분석-036fdb.png]
[jasoseol.image.s3-ap-northeast-1.amazonaws.com/spec_images/images/000/169/613/original/20170620_자소서연구소_32번째_주제_아시아나_자기소개서_문항_분석-04b8aa.png]
[jasoseol.image.s3-ap-northeast-1.amazonaws.com/spec_images/images/000/169/614/original/20170620_자소서연구소_32번째_주제_아시아나_자기소개서_문항_분석-053283.png]
[jasoseol.image.s3-ap-northeast-1.amazonaws.com/spec_images/images/000/169/615/original/20170620_자소서연구소_32번째_주제_아시아나_자기소개서_문항_분석-0674fc.png]
[jasoseol.image.s3-ap-northeast-1.amazonaws.com/spec_images/images/000/169/616/original/20170620_자소서연구소_32번째_주제_아시아나_자기소개서_문항_분석-075a97.png]
[jasoseol.image.s3-ap-northeast-1.amazonaws.com/spec_images/images/000/169/620/original/20170620_자소서연구소_32번째_주제_아시아나_자기소개서_문항_분석-11899c.png]
[jasoseol.image.s3-ap-northeast-1.amazonaws.com/spec_images/images/000/169/621/original/20170620_자소서연구소_32번째_주제_아시아나_자기소개서_문항_분석-12988c.png]
[jasoseol.image.s3-ap-northeast-1.amazonaws.com/spec_images/images/000/169/624/original/20170620_자소서연구소_32번째_주제_아시아나_자기소개서_문항_분석-165fbf.png]
[jasoseol.image.s3-ap-northeast-1.amazonaws.com/spec_images/images/000/179/250/original/20170620_자소서연구소_32번째_주제_아시아나_자기소개서_문항_분석-194643.png]
[jasoseol.com/blog/post/37.html]
[jasoseol.s3-ap-northeast-2.amazonaws.com/blog_posts/thumbnails/000/000/036/small/20170517_자소서연구소_31번째_주제_우리은행_자기소개서_문항_분석-1675a6.png]
[jasoseol.image.s3-ap-northeast-1.amazonaws.com/spec_images/images/000/168/226/original/20170517_자소서연구소_31번째_주제_우리은행_자기소개서_문항_분석-01873b.png]
[jasoseol.image.s3-ap-northeast-1.amazonaws.com/spec_images/images/000/168/227/original/20170517_자소서연구소_31번째_주제_우리은행_자기소개서_문항_분석-026f3c.png]
[jasoseol.image.s3-ap-northeast-1.amazonaws.com/spec_images/images/000/168/228/original/20170517_자소서연구소_31번째_주제_우리은행_자기소개서_문항_분석-032d74.png]
[jasoseol.image.s3-ap-northeast-1.amazonaws.com/spec_images/images/000/168/229/original/20170517_자소서연구소_31번째_주제_우리은행_자기소개서_문항_분석-040529.png]
[jasoseol.com/recruit/17129.html]
[jasoseol.image.s3-ap-northeast-1.amazonaws.com/spec_images/images/000/168/230/original/20170517_자소서연구소_31번째_주제_우리은행_자기소개서_문항_분석-058ad5.png]
[jasoseol.image.s3-ap-northeast-1.amazonaws.com/spec_images/images/000/168/231/original/20170517_자소서연구소_31번째_주제_우리은행_자기소개서_문항_분석-06c1a9.png]
[jasoseol.image.s3-ap-northeast-1.amazonaws.com/spec_images/images/000/168/235/original/20170517_자소서연구소_31번째_주제_우리은행_자기소개서_문항_분석-10c713.png]
[jasoseol.image.s3-ap-northeast-1.amazonaws.com/spec_images/images/000/168/236/original/20170517_자소서연구소_31번째_주제_우리은행_자기소개서_문항_분석-11c4f3.png]
[jasoseol.image.s3-ap-northeast-1.amazonaws.com/spec_images/images/000/168/237/original/20170517_자소서연구소_31번째_주제_우리은행_자기소개서_문항_분석-1241ea.png]
[jasoseol.image.s3-ap-northeast-1.amazonaws.com/spec_images/images/000/168/238/original/20170517_자소서연구소_31번째_주제_우리은행_자기소개서_문항_분석-13c6e4.png]
[jasoseol.image.s3-ap-northeast-1.amazonaws.com/spec_images/images/000/168/239/original/20170517_자소서연구소_31번째_주제_우리은행_자기소개서_문항_분석-155991.png]
[jasoseol.image.s3-ap-northeast-1.amazonaws.com/spec_images/images/000/168/240/original/20170517_자소서연구소_31번째_주제_우리은행_자기소개서_문항_분석-149880.png]
[jasoseol.com/blog/post/36.html]
[jasoseol.s3-ap-northeast-2.amazonaws.com/blog_posts/thumbnails/000/000/035/small/20170510_자소서연구소_30번째_주제_NHN엔터테인먼트_자기소개서_문항_분석-142aea.png]
[jasoseol.image.s3-ap-northeast-1.amazonaws.com/spec_images/images/000/167/991/original/20170510_자소서연구소_30번째_주제_NHN엔터테인먼트_자기소개서_문항_분석-01dc95.png]
[jasoseol.image.s3-ap-northeast-1.amazonaws.com/spec_images/images/000/167/992/original/20170510_자소서연구소_30번째_주제_NHN엔터테인먼트_자기소개서_문항_분석-02f716.png]
[jasoseol.image.s3-ap-northeast-1.amazonaws.com/spec_images/images/000/167/993/original/20170510_자소서연구소_30번째_주제_NHN엔터테인먼트_자기소개서_문항_분석-0359f6.png]
[jasoseol.image.s3-ap-northeast-1.amazonaws.com/spec_images/images/000/167/994/original/20170510_자소서연구소_30번째_주제_NHN엔터테인먼트_자기소개서_문항_분석-04a220.png]
[jasoseol.image.s3-ap-northeast-1.amazonaws.com/spec_images/images/000/167/995/original/20170510_자소서연구소_30번째_주제_NHN엔터테인먼트_자기소개서_문항_분석-05ecf5.png]
[jasoseol.image.s3-ap-northeast-1.amazonaws.com/spec_images/images/000/168/011/original/20170510_자소서연구소_30번째_주제_NHN엔터테인먼트_자기소개서_문항_분석-062482.png]
[jasoseol.image.s3-ap-northeast-1.amazonaws.com/spec_images/images/000/167/998/original/20170510_자소서연구소_30번째_주제_NHN엔터테인먼트_자기소개서_문항_분석-087f8a.png]
[jasoseol.image.s3-ap-northeast-1.amazonaws.com/spec_images/images/000/168/004/original/20170510_자소서연구소_30번째_주제_NHN엔터테인먼트_자기소개서_문항_분석-094339.png]
[jasoseol.image.s3-ap-northeast-1.amazonaws.com/spec_images/images/000/168/000/original/20170510_자소서연구소_30번째_주제_NHN엔터테인먼트_자기소개서_문항_분석-109fac.png]
[jasoseol.image.s3-ap-northeast-1.amazonaws.com/spec_images/images/000/168/001/original/20170510_자소서연구소_30번째_주제_NHN엔터테인먼트_자기소개서_문항_분석-11230d.png]
[jasoseol.image.s3-ap-northeast-1.amazonaws.com/spec_images/images/000/168/002/original/20170510_자소서연구소_30번째_주제_NHN엔터테인먼트_자기소개서_문항_분석-13671c.png]
[jasoseol.image.s3-ap-northeast-1.amazonaws.com/spec_images/images/000/168/003/original/20170510_자소서연구소_30번째_주제_NHN엔터테인먼트_자기소개서_문항_분석-12b698.png]
[jasoseol.com/blog/post/35.html]
[jasoseol.s3-ap-northeast-2.amazonaws.com/blog_posts/thumbnails/000/000/034/small/20170501_자소서연구소_29번째_주제_매일유업_자기소개서_분석-142bcc.png]
[jasoseol.image.s3-ap-northeast-1.amazonaws.com/spec_images/images/000/167/667/original/20170501_자소서연구소_29번째_주제_매일유업_자기소개서_분석-01f589.png]
[jasoseol.image.s3-ap-northeast-1.amazonaws.com/spec_images/images/000/167/668/original/20170501_자소서연구소_29번째_주제_매일유업_자기소개서_분석-02cf3b.png]
[jasoseol.image.s3-ap-northeast-1.amazonaws.com/spec_images/images/000/167/669/original/20170501_자소서연구소_29번째_주제_매일유업_자기소개서_분석-03807e.png]
[jasoseol.image.s3-ap-northeast-1.amazonaws.com/spec_images/images/000/167/670/original/20170501_자소서연구소_29번째_주제_매일유업_자기소개서_분석-044a18.png]
[jasoseol.image.s3-ap-northeast-1.amazonaws.com/spec_images/images/000/167/671/original/20170501_자소서연구소_29번째_주제_매일유업_자기소개서_분석-056763.png]
[jasoseol.image.s3-ap-northeast-1.amazonaws.com/spec_images/images/000/167/672/original/20170501_자소서연구소_29번째_주제_매일유업_자기소개서_분석-06907c.png]
[jasoseol.image.s3-ap-northeast-1.amazonaws.com/spec_images/images/000/167/674/original/20170501_자소서연구소_29번째_주제_매일유업_자기소개서_분석-0864f7.png]
[jasoseol.image.s3-ap-northeast-1.amazonaws.com/spec_images/images/000/167/675/original/20170501_자소서연구소_29번째_주제_매일유업_자기소개서_분석-094976.png]
[jasoseol.image.s3-ap-northeast-1.amazonaws.com/spec_images/images/000/167/676/original/20170501_자소서연구소_29번째_주제_매일유업_자기소개서_분석-10886b.png]
[jasoseol.image.s3-ap-northeast-1.amazonaws.com/spec_images/images/000/167/677/original/20170501_자소서연구소_29번째_주제_매일유업_자기소개서_분석-113409.png]
[jasoseol.image.s3-ap-northeast-1.amazonaws.com/spec_images/images/000/167/678/original/20170501_자소서연구소_29번째_주제_매일유업_자기소개서_분석-13495c.png]
[jasoseol.image.s3-ap-northeast-1.amazonaws.com/spec_images/images/000/167/679/original/20170501_자소서연구소_29번째_주제_매일유업_자기소개서_분석-125235.png]
[jasoseol.com/blog/post/34.html]
[jasoseol.s3-ap-northeast-2.amazonaws.com/blog_posts/thumbnails/000/000/032/small/20170418_자소서연구소_27번째_주제_SPC_자기소개서_분석-143466.png]
[jasoseol.image.s3-ap-northeast-1.amazonaws.com/spec_images/images/000/167/193/original/20170418_자소서연구소_27번째_주제_SPC_자기소개서_분석-013dd1.png]
[jasoseol.image.s3-ap-northeast-1.amazonaws.com/spec_images/images/000/167/194/original/20170418_자소서연구소_27번째_주제_SPC_자기소개서_분석-02d601.png]
[jasoseol.image.s3-ap-northeast-1.amazonaws.com/spec_images/images/000/167/195/original/20170418_자소서연구소_27번째_주제_SPC_자기소개서_분석-039c51.png]
[jasoseol.image.s3-ap-northeast-1.amazonaws.com/spec_images/images/000/167/196/original/20170418_자소서연구소_27번째_주제_SPC_자기소개서_분석-0481dd.png]
[jasoseol.image.s3-ap-northeast-1.amazonaws.com/spec_images/images/000/167/197/original/20170418_자소서연구소_27번째_주제_SPC_자기소개서_분석-054018.png]
[jasoseol.image.s3-ap-northeast-1.amazonaws.com/spec_images/images/000/167/198/original/20170418_자소서연구소_27번째_주제_SPC_자기소개서_분석-0695bb.png]
[jasoseol.image.s3-ap-northeast-1.amazonaws.com/spec_images/images/000/167/201/original/20170418_자소서연구소_27번째_주제_SPC_자기소개서_분석-085a12.png]
[jasoseol.image.s3-ap-northeast-1.amazonaws.com/spec_images/images/000/167/202/original/20170418_자소서연구소_27번째_주제_SPC_자기소개서_분석-0944f2.png]
[jasoseol.image.s3-ap-northeast-1.amazonaws.com/spec_images/images/000/167/015/original/20170414_자소서연구소_26번째_주제_GS칼텍스_자기소개서_분석-11cfb2.png]
[jasoseol.image.s3-ap-northeast-1.amazonaws.com/spec_images/images/000/167/203/original/20170418_자소서연구소_27번째_주제_SPC_자기소개서_분석-11706f.png]
[jasoseol.image.s3-ap-northeast-1.amazonaws.com/spec_images/images/000/167/024/original/20170414_자소서연구소_26번째_주제_GS칼텍스_자기소개서_분석-142165.png]
[jasoseol.image.s3-ap-northeast-1.amazonaws.com/spec_images/images/000/167/025/original/20170414_자소서연구소_26번째_주제_GS칼텍스_자기소개서_분석-132558.png]
[jasoseol.com/blog/post/32.html]
[jasoseol.s3-ap-northeast-2.amazonaws.com/blog_posts/thumbnails/000/000/031/small/20170414_자소서연구소_26번째_주제_GS칼텍스_자기소개서_분석-154f6d.png]
[jasoseol.image.s3-ap-northeast-1.amazonaws.com/spec_images/images/000/167/000/original/20170414_자소서연구소_26번째_주제_GS칼텍스_자기소개서_분석-015a1d.png]
[jasoseol.image.s3-ap-northeast-1.amazonaws.com/spec_images/images/000/167/001/original/20170414_자소서연구소_26번째_주제_GS칼텍스_자기소개서_분석-022a40.png]
[jasoseol.image.s3-ap-northeast-1.amazonaws.com/spec_images/images/000/167/002/original/20170414_자소서연구소_26번째_주제_GS칼텍스_자기소개서_분석-039f93.png]
[jasoseol.image.s3-ap-northeast-1.amazonaws.com/spec_images/images/000/167/003/original/20170414_자소서연구소_26번째_주제_GS칼텍스_자기소개서_분석-04f155.png]
[jasoseol.image.s3-ap-northeast-1.amazonaws.com/spec_images/images/000/167/004/original/20170414_자소서연구소_26번째_주제_GS칼텍스_자기소개서_분석-0540fb.png]
[jasoseol.image.s3-ap-northeast-1.amazonaws.com/spec_images/images/000/167/005/original/20170414_자소서연구소_26번째_주제_GS칼텍스_자기소개서_분석-06c213.png]
[jasoseol.image.s3-ap-northeast-1.amazonaws.com/spec_images/images/000/167/009/original/20170414_자소서연구소_26번째_주제_GS칼텍스_자기소개서_분석-09a5b4.png]
[jasoseol.image.s3-ap-northeast-1.amazonaws.com/spec_images/images/000/167/011/original/20170414_자소서연구소_26번째_주제_GS칼텍스_자기소개서_분석-106362.png]
[jasoseol.image.s3-ap-northeast-1.amazonaws.com/spec_images/images/000/167/022/original/20170414_자소서연구소_26번째_주제_GS칼텍스_자기소개서_분석-129981.png]
[jasoseol.com/blog/post/31.html]
[jasoseol.s3-ap-northeast-2.amazonaws.com/blog_posts/thumbnails/000/000/029/small/20170405_자소서연구소_24번째_주제_KT_자기소개서_분석-194ac2.png]
[jasoseol.image.s3-ap-northeast-1.amazonaws.com/spec_images/images/000/166/521/original/20170405_자소서연구소_24번째_주제_KT_자기소개서_분석-01f90e.png]
[jasoseol.image.s3-ap-northeast-1.amazonaws.com/spec_images/images/000/166/522/original/20170405_자소서연구소_24번째_주제_KT_자기소개서_분석-025a46.png]
[jasoseol.image.s3-ap-northeast-1.amazonaws.com/spec_images/images/000/166/523/original/20170405_자소서연구소_24번째_주제_KT_자기소개서_분석-03a406.png]
[jasoseol.image.s3-ap-northeast-1.amazonaws.com/spec_images/images/000/166/524/original/20170405_자소서연구소_24번째_주제_KT_자기소개서_분석-04018a.png]
[jasoseol.image.s3-ap-northeast-1.amazonaws.com/spec_images/images/000/166/525/original/20170405_자소서연구소_24번째_주제_KT_자기소개서_분석-05a222.png]
[jasoseol.image.s3-ap-northeast-1.amazonaws.com/spec_images/images/000/166/526/original/20170405_자소서연구소_24번째_주제_KT_자기소개서_분석-06a67f.png]
[jasoseol.image.s3-ap-northeast-1.amazonaws.com/spec_images/images/000/166/527/original/20170405_자소서연구소_24번째_주제_KT_자기소개서_분석-07a588.png]
[jasoseol.image.s3-ap-northeast-1.amazonaws.com/spec_images/images/000/166/528/original/20170405_자소서연구소_24번째_주제_KT_자기소개서_분석-08b46d.png]
[jasoseol.image.s3-ap-northeast-1.amazonaws.com/spec_images/images/000/166/533/original/20170405_자소서연구소_24번째_주제_KT_자기소개서_분석-13fd7c.png]
[jasoseol.image.s3-ap-northeast-1.amazonaws.com/spec_images/images/000/166/534/original/20170405_자소서연구소_24번째_주제_KT_자기소개서_분석-141f5d.png]
[jasoseol.image.s3-ap-northeast-1.amazonaws.com/spec_images/images/000/166/536/original/20170405_자소서연구소_24번째_주제_KT_자기소개서_분석-154980.png]
[jasoseol.image.s3-ap-northeast-1.amazonaws.com/spec_images/images/000/166/537/original/20170405_자소서연구소_24번째_주제_KT_자기소개서_분석-16717d.png]
[jasoseol.image.s3-ap-northeast-1.amazonaws.com/spec_images/images/000/166/539/original/20170405_자소서연구소_24번째_주제_KT_자기소개서_분석-18de25.png]
[jasoseol.image.s3-ap-northeast-1.amazonaws.com/spec_images/images/000/166/538/original/20170405_자소서연구소_24번째_주제_KT_자기소개서_분석-175089.png]
[jasoseol.com/blog/post/29.html]
[jasoseol.s3-ap-northeast-2.amazonaws.com/blog_posts/thumbnails/000/000/027/small/20170328_자소서연구소_22번째_주제_아모레퍼시픽_자기소개서_분석-11f52a.png]
[jasoseol.image.s3-ap-northeast-1.amazonaws.com/spec_images/images/000/165/941/original/20170328_자소서연구소_22번째_주제_아모레퍼시픽_자기소개서_분석-012db2.png]
[jasoseol.image.s3-ap-northeast-1.amazonaws.com/spec_images/images/000/165/942/original/20170328_자소서연구소_22번째_주제_아모레퍼시픽_자기소개서_분석-029973.png]
[jasoseol.image.s3-ap-northeast-1.amazonaws.com/spec_images/images/000/165/943/original/20170328_자소서연구소_22번째_주제_아모레퍼시픽_자기소개서_분석-03aa23.png]
[jasoseol.image.s3-ap-northeast-1.amazonaws.com/spec_images/images/000/165/958/original/20170328_자소서연구소_22번째_주제_아모레퍼시픽_자기소개서_분석-0426b8.png]
[jasoseol.image.s3-ap-northeast-1.amazonaws.com/spec_images/images/000/165/945/original/20170328_자소서연구소_22번째_주제_아모레퍼시픽_자기소개서_분석-0565a3.png]
[jasoseol.image.s3-ap-northeast-1.amazonaws.com/spec_images/images/000/165/946/original/20170328_자소서연구소_22번째_주제_아모레퍼시픽_자기소개서_분석-0623cd.png]
[jasoseol.image.s3-ap-northeast-1.amazonaws.com/spec_images/images/000/165/950/original/20170328_자소서연구소_22번째_주제_아모레퍼시픽_자기소개서_분석-103a23.png]
[jasoseol.image.s3-ap-northeast-1.amazonaws.com/spec_images/images/000/165/961/original/20170328_자소서연구소_22번째_주제_아모레퍼시픽_자기소개서_분석-121daf.png]
[jasoseol.image.s3-ap-northeast-1.amazonaws.com/spec_images/images/000/165/952/original/20170328_자소서연구소_22번째_주제_아모레퍼시픽_자기소개서_분석-13cb1a.png]
[jasoseol.image.s3-ap-northeast-1.amazonaws.com/spec_images/images/000/165/953/original/20170328_자소서연구소_22번째_주제_아모레퍼시픽_자기소개서_분석-14fc66.png]
[jasoseol.image.s3-ap-northeast-1.amazonaws.com/spec_images/images/000/165/954/original/20170328_자소서연구소_22번째_주제_아모레퍼시픽_자기소개서_분석-15fcd7.png]
[jasoseol.image.s3-ap-northeast-1.amazonaws.com/spec_images/images/000/165/955/original/20170328_자소서연구소_22번째_주제_아모레퍼시픽_자기소개서_분석-16df4d.png]
[jasoseol.com/blog/post/27.html]
[jasoseol.com/blog/category/72679.html]
[jasoseol.com/blog/category/74658.html]
[jasoseol.s3-ap-northeast-2.amazonaws.com/blog_posts/thumbnails/000/000/041/small/채팅방-02704a.png]
[jasoseol.image.s3-ap-northeast-1.amazonaws.com/spec_images/images/000/176/994/original/채팅방-0143f7.png]
[jasoseol.com/blog/post/41.html]
[jasoseol.s3-ap-northeast-2.amazonaws.com/blog_posts/thumbnails/000/000/040/small/20170821_자소설닷컴_회원_설문_조사-08bb48.png]
[jasoseol.image.s3-ap-northeast-1.amazonaws.com/spec_images/images/000/172/534/original/20170821_자소설닷컴_회원_설문_조사-01cc0c.png]
[jasoseol.image.s3-ap-northeast-1.amazonaws.com/spec_images/images/000/172/535/original/20170821_자소설닷컴_회원_설문_조사-02851c.png]
[jasoseol.image.s3-ap-northeast-1.amazonaws.com/spec_images/images/000/172/536/original/20170821_자소설닷컴_회원_설문_조사-0353e6.png]
[jasoseol.image.s3-ap-northeast-1.amazonaws.com/spec_images/images/000/172/537/original/20170821_자소설닷컴_회원_설문_조사-047960.png]
[jasoseol.image.s3-ap-northeast-1.amazonaws.com/spec_images/images/000/172/538/original/20170821_자소설닷컴_회원_설문_조사-05fc0a.png]
[jasoseol.image.s3-ap-northeast-1.amazonaws.com/spec_images/images/000/172/539/original/20170821_자소설닷컴_회원_설문_조사-06d822.png]
[jasoseol.image.s3-ap-northeast-1.amazonaws.com/spec_images/images/000/172/540/original/20170821_자소설닷컴_회원_설문_조사-07d985.png]
[jasoseol.image.s3-ap-northeast-1.amazonaws.com/spec_images/images/000/172/541/original/20170821_자소설닷컴_회원_설문_조사-090ce9.png]
[jasoseol.image.s3-ap-northeast-1.amazonaws.com/spec_images/images/000/172/546/original/20170821_자소설닷컴_회원_설문_조사-10ce8d.png]
[jasoseol.image.s3-ap-northeast-1.amazonaws.com/spec_images/images/000/172/545/original/20170821_자소설닷컴_회원_설문_조사-126d2d.png]
[jasoseol.image.s3-ap-northeast-1.amazonaws.com/spec_images/images/000/172/542/original/20170821_자소설닷컴_회원_설문_조사-118e28.png]
[jasoseol.image.s3-ap-northeast-1.amazonaws.com/spec_images/images/000/172/543/original/20170821_자소설닷컴_회원_설문_조사-131b2f.png]
[jasoseol.image.s3-ap-northeast-1.amazonaws.com/spec_images/images/000/172/544/original/20170821_자소설닷컴_회원_설문_조사-14ef57.png]
[jasoseol.com/blog/post/40.html]
[jasoseol.s3-ap-northeast-2.amazonaws.com/blog_posts/thumbnails/000/000/033/small/20170424_자소서연구소_28번째_주제_바로_지원_기능-13fc70.png]
[jasoseol.image.s3-ap-northeast-1.amazonaws.com/spec_images/images/000/167/422/original/20170424_자소서연구소_28번째_주제_바로_지원_기능-019b33.png]
[jasoseol.image.s3-ap-northeast-1.amazonaws.com/spec_images/images/000/167/424/original/20170424_자소서연구소_28번째_주제_바로_지원_기능-020a94.png]
[jasoseol.image.s3-ap-northeast-1.amazonaws.com/spec_images/images/000/167/425/original/20170424_자소서연구소_28번째_주제_바로_지원_기능-0336e9.png]
[jasoseol.image.s3-ap-northeast-1.amazonaws.com/spec_images/images/000/167/426/original/20170424_자소서연구소_28번째_주제_바로_지원_기능-044d86.png]
[jasoseol.image.s3-ap-northeast-1.amazonaws.com/spec_images/images/000/167/427/original/20170424_자소서연구소_28번째_주제_바로_지원_기능-0509bb.png]
[jasoseol.image.s3-ap-northeast-1.amazonaws.com/spec_images/images/000/167/428/original/20170424_자소서연구소_28번째_주제_바로_지원_기능-068508.png]
[jasoseol.image.s3-ap-northeast-1.amazonaws.com/spec_images/images/000/167/430/original/20170424_자소서연구소_28번째_주제_바로_지원_기능-076966.png]
[jasoseol.image.s3-ap-northeast-1.amazonaws.com/spec_images/images/000/167/432/original/20170424_자소서연구소_28번째_주제_바로_지원_기능-14301c.png]
[jasoseol.image.s3-ap-northeast-1.amazonaws.com/spec_images/images/000/167/437/original/20170424_자소서연구소_28번째_주제_바로_지원_기능-087035.png]
[jasoseol.com/recruit/16764.html]
[jasoseol.image.s3-ap-northeast-1.amazonaws.com/spec_images/images/000/167/438/original/20170424_자소서연구소_28번째_주제_바로_지원_기능-09ef9f.png]
[jasoseol.com/recruit/16850.html]
[jasoseol.image.s3-ap-northeast-1.amazonaws.com/spec_images/images/000/167/440/original/20170424_자소서연구소_28번째_주제_바로_지원_기능-12de09.png]
[jasoseol.com/recruit/16770.html]
[jasoseol.image.s3-ap-northeast-1.amazonaws.com/spec_images/images/000/167/439/original/20170424_자소서연구소_28번째_주제_바로_지원_기능-1074ef.png]
[jasoseol.com/recruit/16779.html]
[jasoseol.image.s3-ap-northeast-1.amazonaws.com/spec_images/images/000/167/441/original/20170424_자소서연구소_28번째_주제_바로_지원_기능-117667.png]
[jasoseol.com/blog/post/33.html]
[jasoseol.s3-ap-northeast-2.amazonaws.com/blog_posts/thumbnails/000/000/028/small/20170403_자소서연구소_23번째_주제-05b337.png]
[jasoseol.image.s3-ap-northeast-1.amazonaws.com/spec_images/images/000/166/358/original/20170403_자소서연구소_23번째_주제-01bd88.png]
[jasoseol.image.s3-ap-northeast-1.amazonaws.com/spec_images/images/000/166/359/original/20170403_자소서연구소_23번째_주제-02d719.png]
[jasoseol.image.s3-ap-northeast-1.amazonaws.com/spec_images/images/000/166/360/original/20170403_자소서연구소_23번째_주제-034caf.png]
[jasoseol.image.s3-ap-northeast-1.amazonaws.com/spec_images/images/000/166/361/original/20170403_자소서연구소_23번째_주제-043a29.png]
[jasoseol.image.s3-ap-northeast-1.amazonaws.com/spec_images/images/000/166/363/original/20170403_자소서연구소_23번째_주제-063b36.png]
[jasoseol.image.s3-ap-northeast-1.amazonaws.com/spec_images/images/000/166/364/original/20170403_자소서연구소_23번째_주제-0797d1.png]
[jasoseol.image.s3-ap-northeast-1.amazonaws.com/spec_images/images/000/166/365/original/20170403_자소서연구소_23번째_주제-08fe5a.png]
[jasoseol.image.s3-ap-northeast-1.amazonaws.com/spec_images/images/000/166/370/original/20170403_자소서연구소_23번째_주제-0980fc.png]
[jasoseol.image.s3-ap-northeast-1.amazonaws.com/spec_images/images/000/166/372/original/20170403_자소서연구소_23번째_주제-10baa7.png]
[jasoseol.image.s3-ap-northeast-1.amazonaws.com/spec_images/images/000/166/377/original/20170403_자소서연구소_23번째_주제-12ea5d.png]
[jasoseol.image.s3-ap-northeast-1.amazonaws.com/spec_images/images/000/166/376/original/20170403_자소서연구소_23번째_주제-1117c9.png]
[jasoseol.com/blog/post/28.html]
[jasoseol.s3-ap-northeast-2.amazonaws.com/blog_posts/thumbnails/000/000/026/small/20170327_자소서연구소_21번째_주제-052bff.png]
[jasoseol.image.s3-ap-northeast-1.amazonaws.com/spec_images/images/000/165/855/original/17be3.png]
[jasoseol.image.s3-ap-northeast-1.amazonaws.com/spec_images/images/000/165/856/original/247c2.png]
[jasoseol.image.s3-ap-northeast-1.amazonaws.com/spec_images/images/000/165/857/original/3624b.png]
[jasoseol.image.s3-ap-northeast-1.amazonaws.com/spec_images/images/000/165/858/original/49019.png]
[jasoseol.image.s3-ap-northeast-1.amazonaws.com/spec_images/images/000/165/881/original/20170327_자소서연구소_21번째_주제-049db5.png]
[jasoseol.com/blog/post/26.html]
[jasoseol.com/blog/post/www.mind3.co.html]
[jasoseol.com/info/20898.html]
[jasoseol.com/blog/category2679.html]
[jasoseol.s3-ap-northeast-2.amazonaws.com/blog_posts/thumbnails/000/000/023/small/20170317_자소서연구소_18번째_주제_삼성_그룹_자기소개서_2번_문항-105f62.png]
[jasoseol.image.s3-ap-northeast-1.amazonaws.com/spec_images/images/000/165/080/original/20170317_자소서연구소_18번째_주제_삼성_그룹_자기소개서_2번_문항-01c398.png]
[jasoseol.image.s3-ap-northeast-1.amazonaws.com/spec_images/images/000/165/081/original/20170317_자소서연구소_18번째_주제_삼성_그룹_자기소개서_2번_문항-027ad5.png]
[jasoseol.image.s3-ap-northeast-1.amazonaws.com/spec_images/images/000/165/082/original/20170317_자소서연구소_18번째_주제_삼성_그룹_자기소개서_2번_문항-0384e5.png]
[jasoseol.image.s3-ap-northeast-1.amazonaws.com/spec_images/images/000/165/090/original/20170317_자소서연구소_18번째_주제_삼성_그룹_자기소개서_2번_문항-09fcf5.png]
[jasoseol.image.s3-ap-northeast-1.amazonaws.com/spec_images/images/000/165/093/original/20170306_블로그_썸네일_작업-1590d5.png]
[jasoseol.image.s3-ap-northeast-1.amazonaws.com/spec_images/images/000/165/095/original/20170316_자소서연구소_17번째_주제_삼성_그룹_자기소개서_1번_문항-113f77.png]
[jasoseol.image.s3-ap-northeast-1.amazonaws.com/spec_images/images/000/165/036/original/대지_11eb4e.png]
[jasoseol.image.s3-ap-northeast-1.amazonaws.com/spec_images/images/000/165/038/original/20170316_자소서연구소_17번째_주제_삼성_그룹_자기소개서_1번_문항-140fa5.png]
[jasoseol.com/blog/post/23.html]
[jasoseol.s3-ap-northeast-2.amazonaws.com/blog_posts/thumbnails/000/000/022/small/20170316_자소서연구소_17번째_주제_삼성_그룹_자기소개서_1번_문항-11d512.png]
[jasoseol.image.s3-ap-northeast-1.amazonaws.com/spec_images/images/000/165/023/original/20170316_자소서연구소_17번째_주제_삼성_그룹_자기소개서_1번_문항-011664.png]
[jasoseol.image.s3-ap-northeast-1.amazonaws.com/spec_images/images/000/165/024/original/20170316_자소서연구소_17번째_주제_삼성_그룹_자기소개서_1번_문항-0251dc.png]
[jasoseol.image.s3-ap-northeast-1.amazonaws.com/spec_images/images/000/165/025/original/20170316_자소서연구소_17번째_주제_삼성_그룹_자기소개서_1번_문항-037d9f.png]
[jasoseol.image.s3-ap-northeast-1.amazonaws.com/spec_images/images/000/165/026/original/20170316_자소서연구소_17번째_주제_삼성_그룹_자기소개서_1번_문항-047dba.png]
[jasoseol.image.s3-ap-northeast-1.amazonaws.com/spec_images/images/000/165/027/original/20170316_자소서연구소_17번째_주제_삼성_그룹_자기소개서_1번_문항-13c87f.png]
[jasoseol.image.s3-ap-northeast-1.amazonaws.com/spec_images/images/000/165/033/original/20170316_자소서연구소_17번째_주제_삼성_그룹_자기소개서_1번_문항-10f5be.png]
[jasoseol.image.s3-ap-northeast-1.amazonaws.com/spec_images/images/000/165/034/original/20170306_블로그_썸네일_작업-11e57b.png]
[jasoseol.image.s3-ap-northeast-1.amazonaws.com/spec_images/images/000/165/035/original/20170306_블로그_썸네일_작업-1249a1.png]
[jasoseol.com/blog/post/22.html]
[jasoseol.s3-ap-northeast-2.amazonaws.com/blog_posts/thumbnails/000/000/020/small/20170314_자소서연구소_15번째_주제-1718cb.png]
[jasoseol.image.s3-ap-northeast-1.amazonaws.com/spec_images/images/000/164/770/original/20170314_자소서연구소_15번째_주제-012b28.png]
[jasoseol.image.s3-ap-northeast-1.amazonaws.com/spec_images/images/000/164/771/original/20170314_자소서연구소_15번째_주제-02b5e8.png]
[jasoseol.image.s3-ap-northeast-1.amazonaws.com/spec_images/images/000/164/772/original/20170314_자소서연구소_15번째_주제-03ed23.png]
[jasoseol.image.s3-ap-northeast-1.amazonaws.com/spec_images/images/000/164/773/original/20170314_자소서연구소_15번째_주제-04c10f.png]
[jasoseol.image.s3-ap-northeast-1.amazonaws.com/spec_images/images/000/164/774/original/20170314_자소서연구소_15번째_주제-05dd5d.png]
[jasoseol.image.s3-ap-northeast-1.amazonaws.com/spec_images/images/000/164/775/original/20170314_자소서연구소_15번째_주제-068ffc.png]
[jasoseol.image.s3-ap-northeast-1.amazonaws.com/spec_images/images/000/164/776/original/20170314_자소서연구소_15번째_주제-07b05b.png]
[jasoseol.image.s3-ap-northeast-1.amazonaws.com/spec_images/images/000/164/777/original/20170314_자소서연구소_15번째_주제-080534.png]
[jasoseol.image.s3-ap-northeast-1.amazonaws.com/spec_images/images/000/164/778/original/20170314_자소서연구소_15번째_주제-09116f.png]
[jasoseol.image.s3-ap-northeast-1.amazonaws.com/spec_images/images/000/164/779/original/20170314_자소서연구소_15번째_주제-101258.png]
[jasoseol.image.s3-ap-northeast-1.amazonaws.com/spec_images/images/000/164/787/original/20170314_자소서연구소_15번째_주제-165a36.png]
[jasoseol.com/recruit/15565.html]
[jasoseol.image.s3-ap-northeast-1.amazonaws.com/spec_images/images/000/165/305/original/20170306_블로그_썸네일_작업-17fe47.png]
[jasoseol.image.s3-ap-northeast-1.amazonaws.com/spec_images/images/000/165/307/original/대지_4670bb.png]
[jasoseol.image.s3-ap-northeast-1.amazonaws.com/spec_images/images/000/165/308/original/대지_48602b.png]
[jasoseol.com/blog/post/20.html]
[jasoseol.s3-ap-northeast-2.amazonaws.com/blog_posts/thumbnails/000/000/019/small/20170309_자소서연구소_14번째_주제-19e4e1.png]
[jasoseol.image.s3-ap-northeast-1.amazonaws.com/spec_images/images/000/164/414/original/20170309_자소서연구소_14번째_주제-01fff3.png]
[jasoseol.image.s3-ap-northeast-1.amazonaws.com/spec_images/images/000/164/417/original/20170309_자소서연구소_14번째_주제-027211.png]
[jasoseol.image.s3-ap-northeast-1.amazonaws.com/spec_images/images/000/164/419/original/20170309_자소서연구소_14번째_주제-03e9b2.png]
[jasoseol.image.s3-ap-northeast-1.amazonaws.com/spec_images/images/000/164/421/original/20170309_자소서연구소_14번째_주제-048c39.png]
[jasoseol.image.s3-ap-northeast-1.amazonaws.com/spec_images/images/000/164/423/original/20170309_자소서연구소_14번째_주제-05_(2)1ffb.png]
[jasoseol.image.s3-ap-northeast-1.amazonaws.com/spec_images/images/000/164/426/original/20170309_자소서연구소_14번째_주제-087e5f.png]
[jasoseol.image.s3-ap-northeast-1.amazonaws.com/spec_images/images/000/164/427/original/20170309_자소서연구소_14번째_주제-095442.png]
[jasoseol.image.s3-ap-northeast-1.amazonaws.com/spec_images/images/000/164/428/original/20170309_자소서연구소_14번째_주제-10017a.png]
[jasoseol.image.s3-ap-northeast-1.amazonaws.com/spec_images/images/000/164/431/original/20170309_자소서연구소_14번째_주제-139670.png]
[jasoseol.image.s3-ap-northeast-1.amazonaws.com/spec_images/images/000/164/432/original/20170309_자소서연구소_14번째_주제-146103.png]
[jasoseol.image.s3-ap-northeast-1.amazonaws.com/spec_images/images/000/164/433/original/20170309_자소서연구소_14번째_주제-15d79f.png]
[jasoseol.image.s3-ap-northeast-1.amazonaws.com/spec_images/images/000/164/436/original/20170309_자소서연구소_14번째_주제-18c746.png]
[jasoseol.com/blog/post/19.html]
[jasoseol.com/recruit/17129.html]
[jasoseol.com/blog/category/72679.html]
[jasoseol.com/recruit/16764.html]
[jasoseol.com/recruit/16850.html]
[jasoseol.com/recruit/16770.html]
[jasoseol.com/recruit/16779.html]
[jasoseol.com/recruit/15565.html]
